218.242.136.44 - - [30/Sep/2019:10:41:29 +0800] "GET /storage/index_show/img/1_720p_10.png HTTP/1.1" 200 7979 "http://210.14.68.73:20193/bsbweb/content/pro3/src/html/helpVideo.html?id=57&id=NaN" "Mozilla/5.0 (Windows NT 6.1; Win64; x64) AppleWebKit/537.36 (KHTML, like Gecko) Chrome/77.0.3865.90 Safari/537.36"
218.242.136.44 - - [30/Sep/2019:10:41:29 +0800] "GET /api/v1/members/bind/info?mac_addr=0001010100000000000000226D795864 HTTP/1.1" 200 150 "http://210.14.68.73:20193/bsbweb/content/index.html" "Mozilla/5.0 (Linux; Android 4.4.2; R3300-L Build/KOT49H) AppleWebKit/537.36 (KHTML, like Gecko) Chrome/53.0.2785.143 Crosswalk/23.53.589.4 Safari/537.36MAC=0001010100000000000000226D795864"
218.242.136.44 - - [30/Sep/2019:10:41:29 +0800] "GET /api/v1/members/qr/code/0001010100000000000000226D795864?r=0.5300629082274482 HTTP/1.1" 200 15668 "http://210.14.68.73:20193/bsbweb/content/index.html" "Mozilla/5.0 (Linux; Android 4.4.2; R3300-L Build/KOT49H) AppleWebKit/537.36 (KHTML, like Gecko) Chrome/53.0.2785.143 Crosswalk/23.53.589.4 Safari/537.36MAC=0001010100000000000000226D795864"
183.213.240.15 - - [30/Sep/2019:10:41:32 +0800] "GET /bsbweb/content/pro2/src/html/course.html HTTP/1.1" 200 426 "http://210.14.68.73:20193/bsbweb/content/pro2/src/html/courseList.html?indexFlag=0&id=13" "Mozilla/5.0 (Linux; Android 6.1; MagicBox_M17 Build/LMY47V) AppleWebKit/537.36 (KHTML, like Gecko) Chrome/53.0.2785.143 Crosswalk/23.53.589.4 Safari/537.36MAC=6cefc62275f"
183.213.240.15 - - [30/Sep/2019:10:41:33 +0800] "GET /bsbweb/content/public/jquery-1.11.0.min.js HTTP/1.1" 200 96380 "http://210.14.68.73:20193/bsbweb/content/pro2/src/html/course.html" "Mozilla/5.0 (Linux; Android 6.1; MagicBox_M17 Build/LMY47V) AppleWebKit/537.36 (KHTML, like Gecko) Chrome/53.0.2785.143 Crosswalk/23.53.589.4 Safari/537.36MAC=6cefc62275f"
183.213.240.15 - - [30/Sep/2019:10:41:33 +0800] "GET /bsbweb/content/commonCss/public.css HTTP/1.1" 200 2980 "http://210.14.68.73:20193/bsbweb/content/pro2/src/html/course.html" "Mozilla/5.0 (Linux; Android 6.1; MagicBox_M17 Build/LMY47V) AppleWebKit/537.36 (KHTML, like Gecko) Chrome/53.0.2785.143 Crosswalk/23.53.589.4 Safari/537.36MAC=6cefc62275f"
183.213.240.15 - - [30/Sep/2019:10:41:33 +0800] "GET /bsbweb/content/pro2/src/css/course.css HTTP/1.1" 200 4397 "http://210.14.68.73:20193/bsbweb/content/pro2/src/html/course.html" "Mozilla/5.0 (Linux; Android 6.1; MagicBox_M17 Build/LMY47V) AppleWebKit/537.36 (KHTML, like Gecko) Chrome/53.0.2785.143 Crosswalk/23.53.589.4 Safari/537.36MAC=6cefc62275f"
183.213.240.15 - - [30/Sep/2019:10:41:33 +0800] "GET /bsbweb/content/pro2/src/ES2015/course.js HTTP/1.1" 200 17907 "http://210.14.68.73:20193/bsbweb/content/pro2/src/html/course.html" "Mozilla/5.0 (Linux; Android 6.1; MagicBox_M17 Build/LMY47V) AppleWebKit/537.36 (KHTML, like Gecko) Chrome/53.0.2785.143 Crosswalk/23.53.589.4 Safari/537.36MAC=6cefc62275f"
183.213.240.15 - - [30/Sep/2019:10:41:33 +0800] "GET /bsbweb/content/public/CommonMethods-min.js HTTP/1.1" 200 6095 "http://210.14.68.73:20193/bsbweb/content/pro2/src/html/course.html" "Mozilla/5.0 (Linux; Android 6.1; MagicBox_M17 Build/LMY47V) AppleWebKit/537.36 (KHTML, like Gecko) Chrome/53.0.2785.143 Crosswalk/23.53.589.4 Safari/537.36MAC=6cefc62275f"
183.213.240.15 - - [30/Sep/2019:10:41:33 +0800] "GET /bsbweb/content/public/ajaxSetup.js HTTP/1.1" 200 4497 "http://210.14.68.73:20193/bsbweb/content/pro2/src/html/course.html" "Mozilla/5.0 (Linux; Android 6.1; MagicBox_M17 Build/LMY47V) AppleWebKit/537.36 (KHTML, like Gecko) Chrome/53.0.2785.143 Crosswalk/23.53.589.4 Safari/537.36MAC=6cefc62275f"
183.213.240.15 - - [30/Sep/2019:10:41:33 +0800] "GET /api/v2/course/chapter?mac_addr=6cefc62275f&id=77 HTTP/1.1" 200 666 "http://210.14.68.73:20193/bsbweb/content/pro2/src/html/course.html" "Mozilla/5.0 (Linux; Android 6.1; MagicBox_M17 Build/LMY47V) AppleWebKit/537.36 (KHTML, like Gecko) Chrome/53.0.2785.143 Crosswalk/23.53.589.4 Safari/537.36MAC=6cefc62275f"
192.168.10.55 - - [30/Sep/2019:10:41:33 +0800] "GET /yfyvideo/?bulk=bboxvod20180118090658693.ts|bboxvod20180118090704683.ts|bboxvod20180503141627385.ts|bboxvod20180503141627276.ts|bboxvod20180503141627494.ts|bboxvod20180118090704059.ts|bboxvod20180118090704558.ts|bboxvod20180118090703560.ts|bboxvod20180118091022150.ts|bboxvod20180118091022649.ts|bboxvod20180118091022774.ts|bboxvod20180504153908085.ts|bboxvod20180503141623044.ts|bboxvod20180503141623153.ts|bboxvod20180503141630388.ts|bboxvod20180118090703685.ts|bboxvod20180118090704184.ts|bboxvod20180118090703810.ts|bboxvod20180118090703934.ts|bboxvod20180118091012447.ts|bboxvod20180118091025270.ts|bboxvod20180118091025145.ts HTTP/1.0" 200 4576 "-" "-"
183.213.240.15 - - [30/Sep/2019:10:41:33 +0800] "GET /api/v2/course/video?mac_addr=6cefc62275f&id=752 HTTP/1.1" 200 12967 "http://210.14.68.73:20193/bsbweb/content/pro2/src/html/course.html" "Mozilla/5.0 (Linux; Android 6.1; MagicBox_M17 Build/LMY47V) AppleWebKit/537.36 (KHTML, like Gecko) Chrome/53.0.2785.143 Crosswalk/23.53.589.4 Safari/537.36MAC=6cefc62275f"
183.213.240.15 - - [30/Sep/2019:10:41:34 +0800] "GET /bsbweb/content/assets/img/videoListBg.png HTTP/1.1" 200 93491 "http://210.14.68.73:20193/bsbweb/content/pro2/src/html/course.html" "Mozilla/5.0 (Linux; Android 6.1; MagicBox_M17 Build/LMY47V) AppleWebKit/537.36 (KHTML, like Gecko) Chrome/53.0.2785.143 Crosswalk/23.53.589.4 Safari/537.36MAC=6cefc62275f"
218.242.136.44 - - [30/Sep/2019:10:41:34 +0800] "GET /api/v1/members/bind/info?mac_addr=0001010100000000000000226D795864 HTTP/1.1" 200 150 "http://210.14.68.73:20193/bsbweb/content/index.html" "Mozilla/5.0 (Linux; Android 4.4.2; R3300-L Build/KOT49H) AppleWebKit/537.36 (KHTML, like Gecko) Chrome/53.0.2785.143 Crosswalk/23.53.589.4 Safari/537.36MAC=0001010100000000000000226D795864"
218.242.136.44 - - [30/Sep/2019:10:41:34 +0800] "GET /api/v1/members/qr/code/0001010100000000000000226D795864?r=0.6995311914847382 HTTP/1.1" 200 15668 "http://210.14.68.73:20193/bsbweb/content/index.html" "Mozilla/5.0 (Linux; Android 4.4.2; R3300-L Build/KOT49H) AppleWebKit/537.36 (KHTML, like Gecko) Chrome/53.0.2785.143 Crosswalk/23.53.589.4 Safari/537.36MAC=0001010100000000000000226D795864"
218.242.136.44 - - [30/Sep/2019:10:41:39 +0800] "GET /api/v1/members/bind/info?mac_addr=0001010100000000000000226D795864 HTTP/1.1" 200 150 "http://210.14.68.73:20193/bsbweb/content/index.html" "Mozilla/5.0 (Linux; Android 4.4.2; R3300-L Build/KOT49H) AppleWebKit/537.36 (KHTML, like Gecko) Chrome/53.0.2785.143 Crosswalk/23.53.589.4 Safari/537.36MAC=0001010100000000000000226D795864"
218.242.136.44 - - [30/Sep/2019:10:41:39 +0800] "GET /api/v1/members/qr/code/0001010100000000000000226D795864?r=0.5257491289889809 HTTP/1.1" 200 15668 "http://210.14.68.73:20193/bsbweb/content/index.html" "Mozilla/5.0 (Linux; Android 4.4.2; R3300-L Build/KOT49H) AppleWebKit/537.36 (KHTML, like Gecko) Chrome/53.0.2785.143 Crosswalk/23.53.589.4 Safari/537.36MAC=0001010100000000000000226D795864"
183.213.240.15 - - [30/Sep/2019:10:41:42 +0800] "POST /api/v2/index_show/report HTTP/1.1" 200 53 "-" "okhttp/3.10.0"
183.213.240.15 - - [30/Sep/2019:10:41:42 +0800] "GET /api/v2/history/index?video_id=3730&mac_addr=6cefc62275f HTTP/1.1" 200 70 "-" "okhttp/3.10.0"
218.242.136.44 - - [30/Sep/2019:10:41:44 +0800] "GET /api/v1/members/bind/info?mac_addr=0001010100000000000000226D795864 HTTP/1.1" 200 150 "http://210.14.68.73:20193/bsbweb/content/index.html" "Mozilla/5.0 (Linux; Android 4.4.2; R3300-L Build/KOT49H) AppleWebKit/537.36 (KHTML, like Gecko) Chrome/53.0.2785.143 Crosswalk/23.53.589.4 Safari/537.36MAC=0001010100000000000000226D795864"
218.242.136.44 - - [30/Sep/2019:10:41:44 +0800] "GET /api/v1/members/qr/code/0001010100000000000000226D795864?r=0.5147812736852033 HTTP/1.1" 200 15668 "http://210.14.68.73:20193/bsbweb/content/index.html" "Mozilla/5.0 (Linux; Android 4.4.2; R3300-L Build/KOT49H) AppleWebKit/537.36 (KHTML, like Gecko) Chrome/53.0.2785.143 Crosswalk/23.53.589.4 Safari/537.36MAC=0001010100000000000000226D795864"
218.242.136.44 - - [30/Sep/2019:10:41:45 +0800] "GET /bsbweb/content/pro3/src/html/helpVideo.html?id=57&id=NaN HTTP/1.1" 304 0 "http://210.14.68.73:20193/bsbweb/content/index.html?MAC=caojian2019" "Mozilla/5.0 (Windows NT 6.1; Win64; x64) AppleWebKit/537.36 (KHTML, like Gecko) Chrome/77.0.3865.90 Safari/537.36"
218.242.136.44 - - [30/Sep/2019:10:41:45 +0800] "GET /favicon.ico HTTP/1.1" 200 4286 "http://210.14.68.73:20193/bsbweb/content/pro3/src/html/helpVideo.html?id=57&id=NaN" "Mozilla/5.0 (Windows NT 6.1; Win64; x64) AppleWebKit/537.36 (KHTML, like Gecko) Chrome/77.0.3865.90 Safari/537.36"
192.168.10.55 - - [30/Sep/2019:10:41:45 +0800] "GET /yfyvideo/?query=http://210.14.68.73:20192/bboxvod20190929000000002.mp4 HTTP/1.0" 200 172 "-" "-"
192.168.10.55 - - [30/Sep/2019:10:41:45 +0800] "GET /yfyvideo/?query=http://210.14.68.73:20192/bboxvod20190929000000003.mp4 HTTP/1.0" 200 172 "-" "-"
192.168.10.55 - - [30/Sep/2019:10:41:45 +0800] "GET /yfyvideo/?query=http://210.14.68.73:20192/bboxvod20190929000000001.mp4 HTTP/1.0" 200 172 "-" "-"
192.168.10.55 - - [30/Sep/2019:10:41:45 +0800] "GET /yfyvideo/?query=http://210.14.68.73:20192/bboxvod20190929000000004.mp4 HTTP/1.0" 200 172 "-" "-"
218.242.136.44 - - [30/Sep/2019:10:41:45 +0800] "GET /api/v2/index_show/data/57?mac_addr=caojian2019&member_id=148&member_info_id=160 HTTP/1.1" 200 2291 "http://210.14.68.73:20193/bsbweb/content/pro3/src/html/helpVideo.html?id=57&id=NaN" "Mozilla/5.0 (Windows NT 6.1; Win64; x64) AppleWebKit/537.36 (KHTML, like Gecko) Chrome/77.0.3865.90 Safari/537.36"
150.138.138.75 - - [30/Sep/2019:10:41:49 +0800] "GET /yfyvideo/bboxvod20180118090704683?mime_type=ts HTTP/1.1" 206 250308 "-" "Lavf/57.40.101"
218.242.136.44 - - [30/Sep/2019:10:41:49 +0800] "GET /api/v1/members/bind/info?mac_addr=0001010100000000000000226D795864 HTTP/1.1" 200 150 "http://210.14.68.73:20193/bsbweb/content/index.html" "Mozilla/5.0 (Linux; Android 4.4.2; R3300-L Build/KOT49H) AppleWebKit/537.36 (KHTML, like Gecko) Chrome/53.0.2785.143 Crosswalk/23.53.589.4 Safari/537.36MAC=0001010100000000000000226D795864"
218.242.136.44 - - [30/Sep/2019:10:41:49 +0800] "GET /api/v1/members/qr/code/0001010100000000000000226D795864?r=0.5385544812906451 HTTP/1.1" 200 15668 "http://210.14.68.73:20193/bsbweb/content/index.html" "Mozilla/5.0 (Linux; Android 4.4.2; R3300-L Build/KOT49H) AppleWebKit/537.36 (KHTML, like Gecko) Chrome/53.0.2785.143 Crosswalk/23.53.589.4 Safari/537.36MAC=0001010100000000000000226D795864"
218.242.136.44 - - [30/Sep/2019:10:41:54 +0800] "GET /api/v1/members/bind/info?mac_addr=0001010100000000000000226D795864 HTTP/1.1" 200 150 "http://210.14.68.73:20193/bsbweb/content/index.html" "Mozilla/5.0 (Linux; Android 4.4.2; R3300-L Build/KOT49H) AppleWebKit/537.36 (KHTML, like Gecko) Chrome/53.0.2785.143 Crosswalk/23.53.589.4 Safari/537.36MAC=0001010100000000000000226D795864"
218.242.136.44 - - [30/Sep/2019:10:41:54 +0800] "GET /api/v1/members/qr/code/0001010100000000000000226D795864?r=0.14746202365183425 HTTP/1.1" 200 15668 "http://210.14.68.73:20193/bsbweb/content/index.html" "Mozilla/5.0 (Linux; Android 4.4.2; R3300-L Build/KOT49H) AppleWebKit/537.36 (KHTML, like Gecko) Chrome/53.0.2785.143 Crosswalk/23.53.589.4 Safari/537.36MAC=0001010100000000000000226D795864"
218.242.136.44 - - [30/Sep/2019:10:41:59 +0800] "GET /api/v1/members/bind/info?mac_addr=0001010100000000000000226D795864 HTTP/1.1" 200 150 "http://210.14.68.73:20193/bsbweb/content/index.html" "Mozilla/5.0 (Linux; Android 4.4.2; R3300-L Build/KOT49H) AppleWebKit/537.36 (KHTML, like Gecko) Chrome/53.0.2785.143 Crosswalk/23.53.589.4 Safari/537.36MAC=0001010100000000000000226D795864"
218.242.136.44 - - [30/Sep/2019:10:41:59 +0800] "GET /api/v1/members/qr/code/0001010100000000000000226D795864?r=0.32997717032708307 HTTP/1.1" 200 15668 "http://210.14.68.73:20193/bsbweb/content/index.html" "Mozilla/5.0 (Linux; Android 4.4.2; R3300-L Build/KOT49H) AppleWebKit/537.36 (KHTML, like Gecko) Chrome/53.0.2785.143 Crosswalk/23.53.589.4 Safari/537.36MAC=0001010100000000000000226D795864"
218.242.136.44 - - [30/Sep/2019:10:42:04 +0800] "GET /api/v1/members/bind/info?mac_addr=0001010100000000000000226D795864 HTTP/1.1" 200 150 "http://210.14.68.73:20193/bsbweb/content/index.html" "Mozilla/5.0 (Linux; Android 4.4.2; R3300-L Build/KOT49H) AppleWebKit/537.36 (KHTML, like Gecko) Chrome/53.0.2785.143 Crosswalk/23.53.589.4 Safari/537.36MAC=0001010100000000000000226D795864"
218.242.136.44 - - [30/Sep/2019:10:42:04 +0800] "GET /api/v1/members/qr/code/0001010100000000000000226D795864?r=0.3098731723224426 HTTP/1.1" 200 15668 "http://210.14.68.73:20193/bsbweb/content/index.html" "Mozilla/5.0 (Linux; Android 4.4.2; R3300-L Build/KOT49H) AppleWebKit/537.36 (KHTML, like Gecko) Chrome/53.0.2785.143 Crosswalk/23.53.589.4 Safari/537.36MAC=0001010100000000000000226D795864"
218.242.136.44 - - [30/Sep/2019:10:42:09 +0800] "GET /api/v1/members/bind/info?mac_addr=0001010100000000000000226D795864 HTTP/1.1" 200 150 "http://210.14.68.73:20193/bsbweb/content/index.html" "Mozilla/5.0 (Linux; Android 4.4.2; R3300-L Build/KOT49H) AppleWebKit/537.36 (KHTML, like Gecko) Chrome/53.0.2785.143 Crosswalk/23.53.589.4 Safari/537.36MAC=0001010100000000000000226D795864"
218.242.136.44 - - [30/Sep/2019:10:42:09 +0800] "GET /api/v1/members/qr/code/0001010100000000000000226D795864?r=0.887383458633672 HTTP/1.1" 200 15668 "http://210.14.68.73:20193/bsbweb/content/index.html" "Mozilla/5.0 (Linux; Android 4.4.2; R3300-L Build/KOT49H) AppleWebKit/537.36 (KHTML, like Gecko) Chrome/53.0.2785.143 Crosswalk/23.53.589.4 Safari/537.36MAC=0001010100000000000000226D795864"
218.242.136.44 - - [30/Sep/2019:10:42:14 +0800] "GET /api/v1/members/bind/info?mac_addr=0001010100000000000000226D795864 HTTP/1.1" 200 150 "http://210.14.68.73:20193/bsbweb/content/index.html" "Mozilla/5.0 (Linux; Android 4.4.2; R3300-L Build/KOT49H) AppleWebKit/537.36 (KHTML, like Gecko) Chrome/53.0.2785.143 Crosswalk/23.53.589.4 Safari/537.36MAC=0001010100000000000000226D795864"
218.242.136.44 - - [30/Sep/2019:10:42:14 +0800] "GET /api/v1/members/qr/code/0001010100000000000000226D795864?r=0.38943433097153823 HTTP/1.1" 200 15668 "http://210.14.68.73:20193/bsbweb/content/index.html" "Mozilla/5.0 (Linux; Android 4.4.2; R3300-L Build/KOT49H) AppleWebKit/537.36 (KHTML, like Gecko) Chrome/53.0.2785.143 Crosswalk/23.53.589.4 Safari/537.36MAC=0001010100000000000000226D795864"
218.242.136.44 - - [30/Sep/2019:10:42:19 +0800] "GET /api/v1/members/bind/info?mac_addr=0001010100000000000000226D795864 HTTP/1.1" 200 150 "http://210.14.68.73:20193/bsbweb/content/index.html" "Mozilla/5.0 (Linux; Android 4.4.2; R3300-L Build/KOT49H) AppleWebKit/537.36 (KHTML, like Gecko) Chrome/53.0.2785.143 Crosswalk/23.53.589.4 Safari/537.36MAC=0001010100000000000000226D795864"
218.242.136.44 - - [30/Sep/2019:10:42:19 +0800] "GET /api/v1/members/qr/code/0001010100000000000000226D795864?r=0.015625776535085567 HTTP/1.1" 200 15668 "http://210.14.68.73:20193/bsbweb/content/index.html" "Mozilla/5.0 (Linux; Android 4.4.2; R3300-L Build/KOT49H) AppleWebKit/537.36 (KHTML, like Gecko) Chrome/53.0.2785.143 Crosswalk/23.53.589.4 Safari/537.36MAC=0001010100000000000000226D795864"
218.242.136.44 - - [30/Sep/2019:10:42:24 +0800] "GET /api/v1/members/bind/info?mac_addr=0001010100000000000000226D795864 HTTP/1.1" 200 150 "http://210.14.68.73:20193/bsbweb/content/index.html" "Mozilla/5.0 (Linux; Android 4.4.2; R3300-L Build/KOT49H) AppleWebKit/537.36 (KHTML, like Gecko) Chrome/53.0.2785.143 Crosswalk/23.53.589.4 Safari/537.36MAC=0001010100000000000000226D795864"
218.242.136.44 - - [30/Sep/2019:10:42:24 +0800] "GET /api/v1/members/qr/code/0001010100000000000000226D795864?r=0.07101280234800367 HTTP/1.1" 200 15668 "http://210.14.68.73:20193/bsbweb/content/index.html" "Mozilla/5.0 (Linux; Android 4.4.2; R3300-L Build/KOT49H) AppleWebKit/537.36 (KHTML, like Gecko) Chrome/53.0.2785.143 Crosswalk/23.53.589.4 Safari/537.36MAC=0001010100000000000000226D795864"
218.242.136.44 - - [30/Sep/2019:10:42:29 +0800] "GET /api/v1/members/bind/info?mac_addr=0001010100000000000000226D795864 HTTP/1.1" 200 150 "http://210.14.68.73:20193/bsbweb/content/index.html" "Mozilla/5.0 (Linux; Android 4.4.2; R3300-L Build/KOT49H) AppleWebKit/537.36 (KHTML, like Gecko) Chrome/53.0.2785.143 Crosswalk/23.53.589.4 Safari/537.36MAC=0001010100000000000000226D795864"
218.242.136.44 - - [30/Sep/2019:10:42:29 +0800] "GET /api/v1/members/qr/code/0001010100000000000000226D795864?r=0.12053558933818231 HTTP/1.1" 200 15668 "http://210.14.68.73:20193/bsbweb/content/index.html" "Mozilla/5.0 (Linux; Android 4.4.2; R3300-L Build/KOT49H) AppleWebKit/537.36 (KHTML, like Gecko) Chrome/53.0.2785.143 Crosswalk/23.53.589.4 Safari/537.36MAC=0001010100000000000000226D795864"
218.242.136.44 - - [30/Sep/2019:10:42:34 +0800] "GET /api/v1/members/bind/info?mac_addr=0001010100000000000000226D795864 HTTP/1.1" 200 150 "http://210.14.68.73:20193/bsbweb/content/index.html" "Mozilla/5.0 (Linux; Android 4.4.2; R3300-L Build/KOT49H) AppleWebKit/537.36 (KHTML, like Gecko) Chrome/53.0.2785.143 Crosswalk/23.53.589.4 Safari/537.36MAC=0001010100000000000000226D795864"
218.242.136.44 - - [30/Sep/2019:10:42:34 +0800] "GET /api/v1/members/qr/code/0001010100000000000000226D795864?r=0.12340568800525831 HTTP/1.1" 200 15668 "http://210.14.68.73:20193/bsbweb/content/index.html" "Mozilla/5.0 (Linux; Android 4.4.2; R3300-L Build/KOT49H) AppleWebKit/537.36 (KHTML, like Gecko) Chrome/53.0.2785.143 Crosswalk/23.53.589.4 Safari/537.36MAC=0001010100000000000000226D795864"
218.242.136.44 - - [30/Sep/2019:10:42:39 +0800] "GET /api/v1/members/bind/info?mac_addr=0001010100000000000000226D795864 HTTP/1.1" 200 150 "http://210.14.68.73:20193/bsbweb/content/index.html" "Mozilla/5.0 (Linux; Android 4.4.2; R3300-L Build/KOT49H) AppleWebKit/537.36 (KHTML, like Gecko) Chrome/53.0.2785.143 Crosswalk/23.53.589.4 Safari/537.36MAC=0001010100000000000000226D795864"
218.242.136.44 - - [30/Sep/2019:10:42:39 +0800] "GET /api/v1/members/qr/code/0001010100000000000000226D795864?r=0.5589631109983235 HTTP/1.1" 200 15668 "http://210.14.68.73:20193/bsbweb/content/index.html" "Mozilla/5.0 (Linux; Android 4.4.2; R3300-L Build/KOT49H) AppleWebKit/537.36 (KHTML, like Gecko) Chrome/53.0.2785.143 Crosswalk/23.53.589.4 Safari/537.36MAC=0001010100000000000000226D795864"
218.242.136.44 - - [30/Sep/2019:10:42:44 +0800] "GET /api/v1/members/bind/info?mac_addr=0001010100000000000000226D795864 HTTP/1.1" 200 150 "http://210.14.68.73:20193/bsbweb/content/index.html" "Mozilla/5.0 (Linux; Android 4.4.2; R3300-L Build/KOT49H) AppleWebKit/537.36 (KHTML, like Gecko) Chrome/53.0.2785.143 Crosswalk/23.53.589.4 Safari/537.36MAC=0001010100000000000000226D795864"
218.242.136.44 - - [30/Sep/2019:10:42:44 +0800] "GET /api/v1/members/qr/code/0001010100000000000000226D795864?r=0.9223560672420905 HTTP/1.1" 200 15668 "http://210.14.68.73:20193/bsbweb/content/index.html" "Mozilla/5.0 (Linux; Android 4.4.2; R3300-L Build/KOT49H) AppleWebKit/537.36 (KHTML, like Gecko) Chrome/53.0.2785.143 Crosswalk/23.53.589.4 Safari/537.36MAC=0001010100000000000000226D795864"
150.138.138.75 - - [30/Sep/2019:10:42:45 +0800] "GET /yfyvideo/bboxvod20180118090704683?mime_type=ts HTTP/1.1" 200 25222810 "-" "Lavf/57.40.101"
192.168.10.55 - - [30/Sep/2019:10:42:46 +0800] "GET /yfyvideo/?bulk=bboxvod20180503141642260.ts|bboxvod20180118091029264.ts|bboxvod20180118090701688.ts|bboxvod20180118091015442.ts|bboxvod20180118091015317.ts|bboxvod20180503141635910.ts|bboxvod20180118091029388.ts|bboxvod20180503141621247.ts|bboxvod20180503141638453.ts|bboxvod20180118090718661.ts|bboxvod20180118091014818.ts|bboxvod20180118090700565.ts|bboxvod20180118090701813.ts|bboxvod20180118090717038.ts|bboxvod20180118090720034.ts|bboxvod20180503141625809.ts|bboxvod20180503141628278.ts|bboxvod20180118091014693.ts|bboxvod20180118091022025.ts|bboxvod20180118091030122.ts|bboxvod20180503141642041.ts|bboxvod20180118091014568.ts|bboxvod20180503141624167.ts|bboxvod20180503141628387.ts|bboxvod20180118091030246.ts|bboxvod20180118091012572.ts|bboxvod20180503141632884.ts|bboxvod20180118090718786.ts|bboxvod20180118090719160.ts|bboxvod20180118090717163.ts|bboxvod20180118091014943.ts|bboxvod20180118091019779.ts|bboxvod20180503141640356.ts|bboxvod20180503141640466.ts|bboxvod20180503141628890.ts|bboxvod20180118091025644.ts|bboxvod20180118091029638.ts HTTP/1.0" 200 7684 "-" "-"
183.213.240.15 - - [30/Sep/2019:10:42:46 +0800] "GET /api/v2/course/video?mac_addr=6cefc62275f&id=762 HTTP/1.1" 200 21607 "http://210.14.68.73:20193/bsbweb/content/pro2/src/html/course.html" "Mozilla/5.0 (Linux; Android 6.1; MagicBox_M17 Build/LMY47V) AppleWebKit/537.36 (KHTML, like Gecko) Chrome/53.0.2785.143 Crosswalk/23.53.589.4 Safari/537.36MAC=6cefc62275f"
192.168.10.55 - - [30/Sep/2019:10:42:46 +0800] "GET /yfyvideo/?bulk=bboxvod20180503141631652.ts HTTP/1.0" 200 209 "-" "-"
183.213.240.15 - - [30/Sep/2019:10:42:46 +0800] "GET /api/v2/course/video?mac_addr=6cefc62275f&id=780 HTTP/1.1" 200 654 "http://210.14.68.73:20193/bsbweb/content/pro2/src/html/course.html" "Mozilla/5.0 (Linux; Android 6.1; MagicBox_M17 Build/LMY47V) AppleWebKit/537.36 (KHTML, like Gecko) Chrome/53.0.2785.143 Crosswalk/23.53.589.4 Safari/537.36MAC=6cefc62275f"
183.213.240.15 - - [30/Sep/2019:10:42:46 +0800] "GET /bsbweb/content/pro2/src/html/courseList.html HTTP/1.1" 200 429 "http://210.14.68.73:20193/bsbweb/content/pro2/src/html/course.html" "Mozilla/5.0 (Linux; Android 6.1; MagicBox_M17 Build/LMY47V) AppleWebKit/537.36 (KHTML, like Gecko) Chrome/53.0.2785.143 Crosswalk/23.53.589.4 Safari/537.36MAC=6cefc62275f"
183.213.240.15 - - [30/Sep/2019:10:42:47 +0800] "GET /bsbweb/content/commonCss/public.css HTTP/1.1" 200 2980 "http://210.14.68.73:20193/bsbweb/content/pro2/src/html/courseList.html" "Mozilla/5.0 (Linux; Android 6.1; MagicBox_M17 Build/LMY47V) AppleWebKit/537.36 (KHTML, like Gecko) Chrome/53.0.2785.143 Crosswalk/23.53.589.4 Safari/537.36MAC=6cefc62275f"
183.213.240.15 - - [30/Sep/2019:10:42:47 +0800] "GET /bsbweb/content/public/CommonMethods-min.js HTTP/1.1" 200 6095 "http://210.14.68.73:20193/bsbweb/content/pro2/src/html/courseList.html" "Mozilla/5.0 (Linux; Android 6.1; MagicBox_M17 Build/LMY47V) AppleWebKit/537.36 (KHTML, like Gecko) Chrome/53.0.2785.143 Crosswalk/23.53.589.4 Safari/537.36MAC=6cefc62275f"
183.213.240.15 - - [30/Sep/2019:10:42:47 +0800] "GET /bsbweb/content/pro2/src/ES2015/courseList.js HTTP/1.1" 200 11417 "http://210.14.68.73:20193/bsbweb/content/pro2/src/html/courseList.html" "Mozilla/5.0 (Linux; Android 6.1; MagicBox_M17 Build/LMY47V) AppleWebKit/537.36 (KHTML, like Gecko) Chrome/53.0.2785.143 Crosswalk/23.53.589.4 Safari/537.36MAC=6cefc62275f"
183.213.240.15 - - [30/Sep/2019:10:42:47 +0800] "GET /bsbweb/content/public/ajaxSetup.js HTTP/1.1" 200 4497 "http://210.14.68.73:20193/bsbweb/content/pro2/src/html/courseList.html" "Mozilla/5.0 (Linux; Android 6.1; MagicBox_M17 Build/LMY47V) AppleWebKit/537.36 (KHTML, like Gecko) Chrome/53.0.2785.143 Crosswalk/23.53.589.4 Safari/537.36MAC=6cefc62275f"
183.213.240.15 - - [30/Sep/2019:10:42:47 +0800] "GET /bsbweb/content/pro2/src/css/courseList.css HTTP/1.1" 200 4416 "http://210.14.68.73:20193/bsbweb/content/pro2/src/html/courseList.html" "Mozilla/5.0 (Linux; Android 6.1; MagicBox_M17 Build/LMY47V) AppleWebKit/537.36 (KHTML, like Gecko) Chrome/53.0.2785.143 Crosswalk/23.53.589.4 Safari/537.36MAC=6cefc62275f"
183.213.240.15 - - [30/Sep/2019:10:42:47 +0800] "GET /bsbweb/content/public/jquery-1.11.0.min.js HTTP/1.1" 200 96380 "http://210.14.68.73:20193/bsbweb/content/pro2/src/html/courseList.html" "Mozilla/5.0 (Linux; Android 6.1; MagicBox_M17 Build/LMY47V) AppleWebKit/537.36 (KHTML, like Gecko) Chrome/53.0.2785.143 Crosswalk/23.53.589.4 Safari/537.36MAC=6cefc62275f"
183.213.240.15 - - [30/Sep/2019:10:42:48 +0800] "GET /api/v2/course/subject?mac_addr=6cefc62275f&type=2 HTTP/1.1" 200 2764 "http://210.14.68.73:20193/bsbweb/content/pro2/src/html/courseList.html" "Mozilla/5.0 (Linux; Android 6.1; MagicBox_M17 Build/LMY47V) AppleWebKit/537.36 (KHTML, like Gecko) Chrome/53.0.2785.143 Crosswalk/23.53.589.4 Safari/537.36MAC=6cefc62275f"
218.242.136.44 - - [30/Sep/2019:10:42:49 +0800] "GET /api/v1/members/bind/info?mac_addr=0001010100000000000000226D795864 HTTP/1.1" 200 150 "http://210.14.68.73:20193/bsbweb/content/index.html" "Mozilla/5.0 (Linux; Android 4.4.2; R3300-L Build/KOT49H) AppleWebKit/537.36 (KHTML, like Gecko) Chrome/53.0.2785.143 Crosswalk/23.53.589.4 Safari/537.36MAC=0001010100000000000000226D795864"
218.242.136.44 - - [30/Sep/2019:10:42:49 +0800] "GET /api/v1/members/qr/code/0001010100000000000000226D795864?r=0.23869358030432242 HTTP/1.1" 200 15668 "http://210.14.68.73:20193/bsbweb/content/index.html" "Mozilla/5.0 (Linux; Android 4.4.2; R3300-L Build/KOT49H) AppleWebKit/537.36 (KHTML, like Gecko) Chrome/53.0.2785.143 Crosswalk/23.53.589.4 Safari/537.36MAC=0001010100000000000000226D795864"
218.242.136.44 - - [30/Sep/2019:10:42:54 +0800] "GET /api/v1/members/bind/info?mac_addr=0001010100000000000000226D795864 HTTP/1.1" 200 150 "http://210.14.68.73:20193/bsbweb/content/index.html" "Mozilla/5.0 (Linux; Android 4.4.2; R3300-L Build/KOT49H) AppleWebKit/537.36 (KHTML, like Gecko) Chrome/53.0.2785.143 Crosswalk/23.53.589.4 Safari/537.36MAC=0001010100000000000000226D795864"
218.242.136.44 - - [30/Sep/2019:10:42:54 +0800] "GET /api/v1/members/qr/code/0001010100000000000000226D795864?r=0.39160512884126164 HTTP/1.1" 200 15668 "http://210.14.68.73:20193/bsbweb/content/index.html" "Mozilla/5.0 (Linux; Android 4.4.2; R3300-L Build/KOT49H) AppleWebKit/537.36 (KHTML, like Gecko) Chrome/53.0.2785.143 Crosswalk/23.53.589.4 Safari/537.36MAC=0001010100000000000000226D795864"
218.242.136.44 - - [30/Sep/2019:10:42:59 +0800] "GET /api/v1/members/bind/info?mac_addr=0001010100000000000000226D795864 HTTP/1.1" 200 150 "http://210.14.68.73:20193/bsbweb/content/index.html" "Mozilla/5.0 (Linux; Android 4.4.2; R3300-L Build/KOT49H) AppleWebKit/537.36 (KHTML, like Gecko) Chrome/53.0.2785.143 Crosswalk/23.53.589.4 Safari/537.36MAC=0001010100000000000000226D795864"
218.242.136.44 - - [30/Sep/2019:10:42:59 +0800] "GET /api/v1/members/qr/code/0001010100000000000000226D795864?r=0.7233962495522233 HTTP/1.1" 200 15668 "http://210.14.68.73:20193/bsbweb/content/index.html" "Mozilla/5.0 (Linux; Android 4.4.2; R3300-L Build/KOT49H) AppleWebKit/537.36 (KHTML, like Gecko) Chrome/53.0.2785.143 Crosswalk/23.53.589.4 Safari/537.36MAC=0001010100000000000000226D795864"
183.213.240.15 - - [30/Sep/2019:10:43:02 +0800] "GET /bsbweb/content/pro2/src/html/course.html HTTP/1.1" 200 426 "http://210.14.68.73:20193/bsbweb/content/pro2/src/html/courseList.html" "Mozilla/5.0 (Linux; Android 6.1; MagicBox_M17 Build/LMY47V) AppleWebKit/537.36 (KHTML, like Gecko) Chrome/53.0.2785.143 Crosswalk/23.53.589.4 Safari/537.36MAC=6cefc62275f"
183.213.240.15 - - [30/Sep/2019:10:43:02 +0800] "GET /bsbweb/content/pro2/src/css/course.css HTTP/1.1" 200 4397 "http://210.14.68.73:20193/bsbweb/content/pro2/src/html/course.html" "Mozilla/5.0 (Linux; Android 6.1; MagicBox_M17 Build/LMY47V) AppleWebKit/537.36 (KHTML, like Gecko) Chrome/53.0.2785.143 Crosswalk/23.53.589.4 Safari/537.36MAC=6cefc62275f"
183.213.240.15 - - [30/Sep/2019:10:43:02 +0800] "GET /bsbweb/content/pro2/src/ES2015/course.js HTTP/1.1" 200 17907 "http://210.14.68.73:20193/bsbweb/content/pro2/src/html/course.html" "Mozilla/5.0 (Linux; Android 6.1; MagicBox_M17 Build/LMY47V) AppleWebKit/537.36 (KHTML, like Gecko) Chrome/53.0.2785.143 Crosswalk/23.53.589.4 Safari/537.36MAC=6cefc62275f"
183.213.240.15 - - [30/Sep/2019:10:43:02 +0800] "GET /api/v2/course/chapter?mac_addr=6cefc62275f&id=86 HTTP/1.1" 200 2179 "http://210.14.68.73:20193/bsbweb/content/pro2/src/html/course.html" "Mozilla/5.0 (Linux; Android 6.1; MagicBox_M17 Build/LMY47V) AppleWebKit/537.36 (KHTML, like Gecko) Chrome/53.0.2785.143 Crosswalk/23.53.589.4 Safari/537.36MAC=6cefc62275f"
192.168.10.55 - - [30/Sep/2019:10:43:03 +0800] "GET /yfyvideo/?bulk=bboxvod20180503141618186.ts|bboxvod20180503141618295.ts|bboxvod20180503141604666.ts|bboxvod20180503141619871.ts|bboxvod20180503141614104.ts|bboxvod20180503141614562.ts|bboxvod20180503141614453.ts HTTP/1.0" 200 1459 "-" "-"
183.213.240.15 - - [30/Sep/2019:10:43:03 +0800] "GET /api/v2/course/video?mac_addr=6cefc62275f&id=119 HTTP/1.1" 200 4110 "http://210.14.68.73:20193/bsbweb/content/pro2/src/html/course.html" "Mozilla/5.0 (Linux; Android 6.1; MagicBox_M17 Build/LMY47V) AppleWebKit/537.36 (KHTML, like Gecko) Chrome/53.0.2785.143 Crosswalk/23.53.589.4 Safari/537.36MAC=6cefc62275f"
218.242.136.44 - - [30/Sep/2019:10:43:04 +0800] "GET /api/v1/members/bind/info?mac_addr=0001010100000000000000226D795864 HTTP/1.1" 200 150 "http://210.14.68.73:20193/bsbweb/content/index.html" "Mozilla/5.0 (Linux; Android 4.4.2; R3300-L Build/KOT49H) AppleWebKit/537.36 (KHTML, like Gecko) Chrome/53.0.2785.143 Crosswalk/23.53.589.4 Safari/537.36MAC=0001010100000000000000226D795864"
218.242.136.44 - - [30/Sep/2019:10:43:04 +0800] "GET /api/v1/members/qr/code/0001010100000000000000226D795864?r=0.9377597430801838 HTTP/1.1" 200 15668 "http://210.14.68.73:20193/bsbweb/content/index.html" "Mozilla/5.0 (Linux; Android 4.4.2; R3300-L Build/KOT49H) AppleWebKit/537.36 (KHTML, like Gecko) Chrome/53.0.2785.143 Crosswalk/23.53.589.4 Safari/537.36MAC=0001010100000000000000226D795864"
218.242.136.44 - - [30/Sep/2019:10:43:09 +0800] "GET /api/v1/members/bind/info?mac_addr=0001010100000000000000226D795864 HTTP/1.1" 200 150 "http://210.14.68.73:20193/bsbweb/content/index.html" "Mozilla/5.0 (Linux; Android 4.4.2; R3300-L Build/KOT49H) AppleWebKit/537.36 (KHTML, like Gecko) Chrome/53.0.2785.143 Crosswalk/23.53.589.4 Safari/537.36MAC=0001010100000000000000226D795864"
218.242.136.44 - - [30/Sep/2019:10:43:09 +0800] "GET /api/v1/members/qr/code/0001010100000000000000226D795864?r=0.06666962880304284 HTTP/1.1" 200 15668 "http://210.14.68.73:20193/bsbweb/content/index.html" "Mozilla/5.0 (Linux; Android 4.4.2; R3300-L Build/KOT49H) AppleWebKit/537.36 (KHTML, like Gecko) Chrome/53.0.2785.143 Crosswalk/23.53.589.4 Safari/537.36MAC=0001010100000000000000226D795864"
192.168.10.55 - - [30/Sep/2019:10:43:13 +0800] "GET /yfyvideo/?bulk=bboxvod20180118090612344.ts|bboxvod20180118090602282.ts|bboxvod20180118090602407.ts|bboxvod20180503141614890.ts HTTP/1.0" 200 829 "-" "-"
183.213.240.15 - - [30/Sep/2019:10:43:13 +0800] "GET /api/v2/course/video?mac_addr=6cefc62275f&id=120 HTTP/1.1" 200 2326 "http://210.14.68.73:20193/bsbweb/content/pro2/src/html/course.html" "Mozilla/5.0 (Linux; Android 6.1; MagicBox_M17 Build/LMY47V) AppleWebKit/537.36 (KHTML, like Gecko) Chrome/53.0.2785.143 Crosswalk/23.53.589.4 Safari/537.36MAC=6cefc62275f"
218.242.136.44 - - [30/Sep/2019:10:43:14 +0800] "GET /api/v1/members/bind/info?mac_addr=0001010100000000000000226D795864 HTTP/1.1" 200 150 "http://210.14.68.73:20193/bsbweb/content/index.html" "Mozilla/5.0 (Linux; Android 4.4.2; R3300-L Build/KOT49H) AppleWebKit/537.36 (KHTML, like Gecko) Chrome/53.0.2785.143 Crosswalk/23.53.589.4 Safari/537.36MAC=0001010100000000000000226D795864"
218.242.136.44 - - [30/Sep/2019:10:43:14 +0800] "GET /api/v1/members/qr/code/0001010100000000000000226D795864?r=0.8558115032856206 HTTP/1.1" 200 15668 "http://210.14.68.73:20193/bsbweb/content/index.html" "Mozilla/5.0 (Linux; Android 4.4.2; R3300-L Build/KOT49H) AppleWebKit/537.36 (KHTML, like Gecko) Chrome/53.0.2785.143 Crosswalk/23.53.589.4 Safari/537.36MAC=0001010100000000000000226D795864"
183.213.240.15 - - [30/Sep/2019:10:43:19 +0800] "POST /api/v2/index_show/report HTTP/1.1" 200 53 "-" "okhttp/3.10.0"
183.213.240.15 - - [30/Sep/2019:10:43:19 +0800] "GET /api/v2/history/index?video_id=4&mac_addr=6cefc62275f HTTP/1.1" 200 70 "-" "okhttp/3.10.0"
218.242.136.44 - - [30/Sep/2019:10:43:19 +0800] "GET /api/v1/members/bind/info?mac_addr=0001010100000000000000226D795864 HTTP/1.1" 200 150 "http://210.14.68.73:20193/bsbweb/content/index.html" "Mozilla/5.0 (Linux; Android 4.4.2; R3300-L Build/KOT49H) AppleWebKit/537.36 (KHTML, like Gecko) Chrome/53.0.2785.143 Crosswalk/23.53.589.4 Safari/537.36MAC=0001010100000000000000226D795864"
218.242.136.44 - - [30/Sep/2019:10:43:19 +0800] "GET /api/v1/members/qr/code/0001010100000000000000226D795864?r=0.9098513283175262 HTTP/1.1" 200 15668 "http://210.14.68.73:20193/bsbweb/content/index.html" "Mozilla/5.0 (Linux; Android 4.4.2; R3300-L Build/KOT49H) AppleWebKit/537.36 (KHTML, like Gecko) Chrome/53.0.2785.143 Crosswalk/23.53.589.4 Safari/537.36MAC=0001010100000000000000226D795864"
218.242.136.44 - - [30/Sep/2019:10:43:24 +0800] "GET /api/v1/members/bind/info?mac_addr=0001010100000000000000226D795864 HTTP/1.1" 200 150 "http://210.14.68.73:20193/bsbweb/content/index.html" "Mozilla/5.0 (Linux; Android 4.4.2; R3300-L Build/KOT49H) AppleWebKit/537.36 (KHTML, like Gecko) Chrome/53.0.2785.143 Crosswalk/23.53.589.4 Safari/537.36MAC=0001010100000000000000226D795864"
218.242.136.44 - - [30/Sep/2019:10:43:24 +0800] "GET /api/v1/members/qr/code/0001010100000000000000226D795864?r=0.6016605575270668 HTTP/1.1" 200 15668 "http://210.14.68.73:20193/bsbweb/content/index.html" "Mozilla/5.0 (Linux; Android 4.4.2; R3300-L Build/KOT49H) AppleWebKit/537.36 (KHTML, like Gecko) Chrome/53.0.2785.143 Crosswalk/23.53.589.4 Safari/537.36MAC=0001010100000000000000226D795864"
150.138.138.123 - - [30/Sep/2019:10:43:24 +0800] "GET /yfyvideo/bboxvod20180118090602282?mime_type=ts HTTP/1.1" 206 472384 "-" "Lavf/57.40.101"
218.242.136.44 - - [30/Sep/2019:10:43:29 +0800] "GET /api/v1/members/bind/info?mac_addr=0001010100000000000000226D795864 HTTP/1.1" 200 150 "http://210.14.68.73:20193/bsbweb/content/index.html" "Mozilla/5.0 (Linux; Android 4.4.2; R3300-L Build/KOT49H) AppleWebKit/537.36 (KHTML, like Gecko) Chrome/53.0.2785.143 Crosswalk/23.53.589.4 Safari/537.36MAC=0001010100000000000000226D795864"
218.242.136.44 - - [30/Sep/2019:10:43:29 +0800] "GET /api/v1/members/qr/code/0001010100000000000000226D795864?r=0.3549608926426002 HTTP/1.1" 200 15668 "http://210.14.68.73:20193/bsbweb/content/index.html" "Mozilla/5.0 (Linux; Android 4.4.2; R3300-L Build/KOT49H) AppleWebKit/537.36 (KHTML, like Gecko) Chrome/53.0.2785.143 Crosswalk/23.53.589.4 Safari/537.36MAC=0001010100000000000000226D795864"
218.242.136.44 - - [30/Sep/2019:10:43:34 +0800] "GET /api/v1/members/bind/info?mac_addr=0001010100000000000000226D795864 HTTP/1.1" 200 150 "http://210.14.68.73:20193/bsbweb/content/index.html" "Mozilla/5.0 (Linux; Android 4.4.2; R3300-L Build/KOT49H) AppleWebKit/537.36 (KHTML, like Gecko) Chrome/53.0.2785.143 Crosswalk/23.53.589.4 Safari/537.36MAC=0001010100000000000000226D795864"
218.242.136.44 - - [30/Sep/2019:10:43:34 +0800] "GET /api/v1/members/qr/code/0001010100000000000000226D795864?r=0.6245187354601636 HTTP/1.1" 200 15668 "http://210.14.68.73:20193/bsbweb/content/index.html" "Mozilla/5.0 (Linux; Android 4.4.2; R3300-L Build/KOT49H) AppleWebKit/537.36 (KHTML, like Gecko) Chrome/53.0.2785.143 Crosswalk/23.53.589.4 Safari/537.36MAC=0001010100000000000000226D795864"
218.242.136.44 - - [30/Sep/2019:10:43:39 +0800] "GET /api/v1/members/bind/info?mac_addr=0001010100000000000000226D795864 HTTP/1.1" 200 150 "http://210.14.68.73:20193/bsbweb/content/index.html" "Mozilla/5.0 (Linux; Android 4.4.2; R3300-L Build/KOT49H) AppleWebKit/537.36 (KHTML, like Gecko) Chrome/53.0.2785.143 Crosswalk/23.53.589.4 Safari/537.36MAC=0001010100000000000000226D795864"
218.242.136.44 - - [30/Sep/2019:10:43:39 +0800] "GET /api/v1/members/qr/code/0001010100000000000000226D795864?r=0.4050530321829664 HTTP/1.1" 200 15668 "http://210.14.68.73:20193/bsbweb/content/index.html" "Mozilla/5.0 (Linux; Android 4.4.2; R3300-L Build/KOT49H) AppleWebKit/537.36 (KHTML, like Gecko) Chrome/53.0.2785.143 Crosswalk/23.53.589.4 Safari/537.36MAC=0001010100000000000000226D795864"
218.242.136.44 - - [30/Sep/2019:10:43:44 +0800] "GET /api/v1/members/bind/info?mac_addr=0001010100000000000000226D795864 HTTP/1.1" 200 150 "http://210.14.68.73:20193/bsbweb/content/index.html" "Mozilla/5.0 (Linux; Android 4.4.2; R3300-L Build/KOT49H) AppleWebKit/537.36 (KHTML, like Gecko) Chrome/53.0.2785.143 Crosswalk/23.53.589.4 Safari/537.36MAC=0001010100000000000000226D795864"
218.242.136.44 - - [30/Sep/2019:10:43:44 +0800] "GET /api/v1/members/qr/code/0001010100000000000000226D795864?r=0.7567287620981606 HTTP/1.1" 200 15668 "http://210.14.68.73:20193/bsbweb/content/index.html" "Mozilla/5.0 (Linux; Android 4.4.2; R3300-L Build/KOT49H) AppleWebKit/537.36 (KHTML, like Gecko) Chrome/53.0.2785.143 Crosswalk/23.53.589.4 Safari/537.36MAC=0001010100000000000000226D795864"
218.242.136.44 - - [30/Sep/2019:10:43:49 +0800] "GET /api/v1/members/bind/info?mac_addr=0001010100000000000000226D795864 HTTP/1.1" 200 150 "http://210.14.68.73:20193/bsbweb/content/index.html" "Mozilla/5.0 (Linux; Android 4.4.2; R3300-L Build/KOT49H) AppleWebKit/537.36 (KHTML, like Gecko) Chrome/53.0.2785.143 Crosswalk/23.53.589.4 Safari/537.36MAC=0001010100000000000000226D795864"
218.242.136.44 - - [30/Sep/2019:10:43:49 +0800] "GET /api/v1/members/qr/code/0001010100000000000000226D795864?r=0.02952179866024629 HTTP/1.1" 200 15668 "http://210.14.68.73:20193/bsbweb/content/index.html" "Mozilla/5.0 (Linux; Android 4.4.2; R3300-L Build/KOT49H) AppleWebKit/537.36 (KHTML, like Gecko) Chrome/53.0.2785.143 Crosswalk/23.53.589.4 Safari/537.36MAC=0001010100000000000000226D795864"
218.242.136.44 - - [30/Sep/2019:10:43:54 +0800] "GET /api/v1/members/bind/info?mac_addr=0001010100000000000000226D795864 HTTP/1.1" 200 150 "http://210.14.68.73:20193/bsbweb/content/index.html" "Mozilla/5.0 (Linux; Android 4.4.2; R3300-L Build/KOT49H) AppleWebKit/537.36 (KHTML, like Gecko) Chrome/53.0.2785.143 Crosswalk/23.53.589.4 Safari/537.36MAC=0001010100000000000000226D795864"
218.242.136.44 - - [30/Sep/2019:10:43:54 +0800] "GET /api/v1/members/qr/code/0001010100000000000000226D795864?r=0.9596127490219464 HTTP/1.1" 200 15668 "http://210.14.68.73:20193/bsbweb/content/index.html" "Mozilla/5.0 (Linux; Android 4.4.2; R3300-L Build/KOT49H) AppleWebKit/537.36 (KHTML, like Gecko) Chrome/53.0.2785.143 Crosswalk/23.53.589.4 Safari/537.36MAC=0001010100000000000000226D795864"
218.242.136.44 - - [30/Sep/2019:10:43:58 +0800] "GET /bsbweb/content/pro3/src/html/helpVideo.html?id=57&id=NaN HTTP/1.1" 304 0 "http://210.14.68.73:20193/bsbweb/content/index.html?MAC=caojian2019" "Mozilla/5.0 (Windows NT 6.1; Win64; x64) AppleWebKit/537.36 (KHTML, like Gecko) Chrome/77.0.3865.90 Safari/537.36"
218.242.136.44 - - [30/Sep/2019:10:43:58 +0800] "GET /favicon.ico HTTP/1.1" 200 4286 "http://210.14.68.73:20193/bsbweb/content/pro3/src/html/helpVideo.html?id=57&id=NaN" "Mozilla/5.0 (Windows NT 6.1; Win64; x64) AppleWebKit/537.36 (KHTML, like Gecko) Chrome/77.0.3865.90 Safari/537.36"
192.168.10.55 - - [30/Sep/2019:10:43:58 +0800] "GET /yfyvideo/?query=http://210.14.68.73:20192/bboxvod20190929000000002.mp4 HTTP/1.0" 200 172 "-" "-"
192.168.10.55 - - [30/Sep/2019:10:43:58 +0800] "GET /yfyvideo/?query=http://210.14.68.73:20192/bboxvod20190929000000003.mp4 HTTP/1.0" 200 172 "-" "-"
192.168.10.55 - - [30/Sep/2019:10:43:58 +0800] "GET /yfyvideo/?query=http://210.14.68.73:20192/bboxvod20190929000000001.mp4 HTTP/1.0" 200 172 "-" "-"
192.168.10.55 - - [30/Sep/2019:10:43:58 +0800] "GET /yfyvideo/?query=http://210.14.68.73:20192/bboxvod20190929000000004.mp4 HTTP/1.0" 200 172 "-" "-"
218.242.136.44 - - [30/Sep/2019:10:43:58 +0800] "GET /api/v2/index_show/data/57?mac_addr=caojian2019&member_id=148&member_info_id=160 HTTP/1.1" 200 2285 "http://210.14.68.73:20193/bsbweb/content/pro3/src/html/helpVideo.html?id=57&id=NaN" "Mozilla/5.0 (Windows NT 6.1; Win64; x64) AppleWebKit/537.36 (KHTML, like Gecko) Chrome/77.0.3865.90 Safari/537.36"
218.242.136.44 - - [30/Sep/2019:10:43:59 +0800] "GET /api/v1/members/bind/info?mac_addr=0001010100000000000000226D795864 HTTP/1.1" 200 150 "http://210.14.68.73:20193/bsbweb/content/index.html" "Mozilla/5.0 (Linux; Android 4.4.2; R3300-L Build/KOT49H) AppleWebKit/537.36 (KHTML, like Gecko) Chrome/53.0.2785.143 Crosswalk/23.53.589.4 Safari/537.36MAC=0001010100000000000000226D795864"
218.242.136.44 - - [30/Sep/2019:10:43:59 +0800] "GET /api/v1/members/qr/code/0001010100000000000000226D795864?r=0.734727762209531 HTTP/1.1" 200 15668 "http://210.14.68.73:20193/bsbweb/content/index.html" "Mozilla/5.0 (Linux; Android 4.4.2; R3300-L Build/KOT49H) AppleWebKit/537.36 (KHTML, like Gecko) Chrome/53.0.2785.143 Crosswalk/23.53.589.4 Safari/537.36MAC=0001010100000000000000226D795864"
218.242.136.44 - - [30/Sep/2019:10:44:04 +0800] "GET /api/v1/members/bind/info?mac_addr=0001010100000000000000226D795864 HTTP/1.1" 200 150 "http://210.14.68.73:20193/bsbweb/content/index.html" "Mozilla/5.0 (Linux; Android 4.4.2; R3300-L Build/KOT49H) AppleWebKit/537.36 (KHTML, like Gecko) Chrome/53.0.2785.143 Crosswalk/23.53.589.4 Safari/537.36MAC=0001010100000000000000226D795864"
218.242.136.44 - - [30/Sep/2019:10:44:04 +0800] "GET /api/v1/members/qr/code/0001010100000000000000226D795864?r=0.42498074245255624 HTTP/1.1" 200 15668 "http://210.14.68.73:20193/bsbweb/content/index.html" "Mozilla/5.0 (Linux; Android 4.4.2; R3300-L Build/KOT49H) AppleWebKit/537.36 (KHTML, like Gecko) Chrome/53.0.2785.143 Crosswalk/23.53.589.4 Safari/537.36MAC=0001010100000000000000226D795864"
183.213.240.15 - - [30/Sep/2019:10:44:05 +0800] "GET /bsbweb/content/pro2/src/html/courseList.html HTTP/1.1" 200 429 "http://210.14.68.73:20193/bsbweb/content/pro2/src/html/course.html" "Mozilla/5.0 (Linux; Android 6.1; MagicBox_M17 Build/LMY47V) AppleWebKit/537.36 (KHTML, like Gecko) Chrome/53.0.2785.143 Crosswalk/23.53.589.4 Safari/537.36MAC=6cefc62275f"
150.138.138.123 - - [30/Sep/2019:10:44:05 +0800] "GET /yfyvideo/bboxvod20180118090602282?mime_type=ts HTTP/1.1" 200 18931354 "-" "Lavf/57.40.101"
183.213.240.15 - - [30/Sep/2019:10:44:05 +0800] "GET /api/v2/course/subject?mac_addr=6cefc62275f&type=2 HTTP/1.1" 200 2764 "http://210.14.68.73:20193/bsbweb/content/pro2/src/html/courseList.html" "Mozilla/5.0 (Linux; Android 6.1; MagicBox_M17 Build/LMY47V) AppleWebKit/537.36 (KHTML, like Gecko) Chrome/53.0.2785.143 Crosswalk/23.53.589.4 Safari/537.36MAC=6cefc62275f"
183.213.240.15 - - [30/Sep/2019:10:44:06 +0800] "GET /bsbweb/content/index.html HTTP/1.1" 200 1725 "http://210.14.68.73:20193/bsbweb/content/pro2/src/html/courseList.html" "Mozilla/5.0 (Linux; Android 6.1; MagicBox_M17 Build/LMY47V) AppleWebKit/537.36 (KHTML, like Gecko) Chrome/53.0.2785.143 Crosswalk/23.53.589.4 Safari/537.36MAC=6cefc62275f"
183.213.240.15 - - [30/Sep/2019:10:44:06 +0800] "GET /bsbweb/content/pro3/src/css/public.css HTTP/1.1" 200 1735 "http://210.14.68.73:20193/bsbweb/content/index.html" "Mozilla/5.0 (Linux; Android 6.1; MagicBox_M17 Build/LMY47V) AppleWebKit/537.36 (KHTML, like Gecko) Chrome/53.0.2785.143 Crosswalk/23.53.589.4 Safari/537.36MAC=6cefc62275f"
183.213.240.15 - - [30/Sep/2019:10:44:06 +0800] "GET /bsbweb/content/pro3/src/css/index.css HTTP/1.1" 200 6450 "http://210.14.68.73:20193/bsbweb/content/index.html" "Mozilla/5.0 (Linux; Android 6.1; MagicBox_M17 Build/LMY47V) AppleWebKit/537.36 (KHTML, like Gecko) Chrome/53.0.2785.143 Crosswalk/23.53.589.4 Safari/537.36MAC=6cefc62275f"
183.213.240.15 - - [30/Sep/2019:10:44:06 +0800] "GET /bsbweb/content/public/keyFn.js HTTP/1.1" 200 3610 "http://210.14.68.73:20193/bsbweb/content/index.html" "Mozilla/5.0 (Linux; Android 6.1; MagicBox_M17 Build/LMY47V) AppleWebKit/537.36 (KHTML, like Gecko) Chrome/53.0.2785.143 Crosswalk/23.53.589.4 Safari/537.36MAC=6cefc62275f"
183.213.240.15 - - [30/Sep/2019:10:44:06 +0800] "GET /bsbweb/content/pro3/src/ES2015/index.js HTTP/1.1" 200 23672 "http://210.14.68.73:20193/bsbweb/content/index.html" "Mozilla/5.0 (Linux; Android 6.1; MagicBox_M17 Build/LMY47V) AppleWebKit/537.36 (KHTML, like Gecko) Chrome/53.0.2785.143 Crosswalk/23.53.589.4 Safari/537.36MAC=6cefc62275f"
183.213.240.15 - - [30/Sep/2019:10:44:07 +0800] "GET /api/v1/members/bind/info?mac_addr=6cefc62275f HTTP/1.1" 200 150 "http://210.14.68.73:20193/bsbweb/content/index.html" "Mozilla/5.0 (Linux; Android 6.1; MagicBox_M17 Build/LMY47V) AppleWebKit/537.36 (KHTML, like Gecko) Chrome/53.0.2785.143 Crosswalk/23.53.589.4 Safari/537.36MAC=6cefc62275f"
183.213.240.15 - - [30/Sep/2019:10:44:07 +0800] "GET /api/v1/members/qr/code/6cefc62275f?r=0.5016822926168512 HTTP/1.1" 200 14920 "http://210.14.68.73:20193/bsbweb/content/index.html" "Mozilla/5.0 (Linux; Android 6.1; MagicBox_M17 Build/LMY47V) AppleWebKit/537.36 (KHTML, like Gecko) Chrome/53.0.2785.143 Crosswalk/23.53.589.4 Safari/537.36MAC=6cefc62275f"
192.168.10.55 - - [30/Sep/2019:10:44:07 +0800] "GET /yfyvideo/?bulk=bboxvod20180118090710050.ts|bboxvod20180503141602154.ts|bboxvod20180503141548863.ts|bboxvod20180503141547006.ts|bboxvod20180118090708677.ts|bboxvod20180118090603530.ts|bboxvod20180503141921931.ts|bboxvod20180118091119247.ts|bboxvod20180503141618186.ts|bboxvod20180118091043990.ts HTTP/1.0" 200 2074 "-" "-"
183.213.240.15 - - [30/Sep/2019:10:44:07 +0800] "GET /api/v2/index_show/data/1?mac_addr=6cefc62275f HTTP/1.1" 200 12309 "http://210.14.68.73:20193/bsbweb/content/index.html" "Mozilla/5.0 (Linux; Android 6.1; MagicBox_M17 Build/LMY47V) AppleWebKit/537.36 (KHTML, like Gecko) Chrome/53.0.2785.143 Crosswalk/23.53.589.4 Safari/537.36MAC=6cefc62275f"
183.213.240.15 - - [30/Sep/2019:10:44:07 +0800] "GET /storage/index_show/img/index_gg.gif HTTP/1.1" 200 104571 "http://210.14.68.73:20193/bsbweb/content/index.html" "Mozilla/5.0 (Linux; Android 6.1; MagicBox_M17 Build/LMY47V) AppleWebKit/537.36 (KHTML, like Gecko) Chrome/53.0.2785.143 Crosswalk/23.53.589.4 Safari/537.36MAC=6cefc62275f"
183.213.240.15 - - [30/Sep/2019:10:44:07 +0800] "GET /storage/index_show/img/index_free_class.png HTTP/1.1" 200 26112 "http://210.14.68.73:20193/bsbweb/content/index.html" "Mozilla/5.0 (Linux; Android 6.1; MagicBox_M17 Build/LMY47V) AppleWebKit/537.36 (KHTML, like Gecko) Chrome/53.0.2785.143 Crosswalk/23.53.589.4 Safari/537.36MAC=6cefc62275f"
183.213.240.15 - - [30/Sep/2019:10:44:07 +0800] "GET /storage/index_show/img/index_zhongkao_tiku.png HTTP/1.1" 200 48835 "http://210.14.68.73:20193/bsbweb/content/index.html" "Mozilla/5.0 (Linux; Android 6.1; MagicBox_M17 Build/LMY47V) AppleWebKit/537.36 (KHTML, like Gecko) Chrome/53.0.2785.143 Crosswalk/23.53.589.4 Safari/537.36MAC=6cefc62275f"
183.213.240.15 - - [30/Sep/2019:10:44:07 +0800] "GET /storage/index_show/img/index_user_center.png HTTP/1.1" 200 34181 "http://210.14.68.73:20193/bsbweb/content/index.html" "Mozilla/5.0 (Linux; Android 6.1; MagicBox_M17 Build/LMY47V) AppleWebKit/537.36 (KHTML, like Gecko) Chrome/53.0.2785.143 Crosswalk/23.53.589.4 Safari/537.36MAC=6cefc62275f"
183.213.240.15 - - [30/Sep/2019:10:44:07 +0800] "GET /storage/index_show/img/index_watch_history.png HTTP/1.1" 200 44114 "http://210.14.68.73:20193/bsbweb/content/index.html" "Mozilla/5.0 (Linux; Android 6.1; MagicBox_M17 Build/LMY47V) AppleWebKit/537.36 (KHTML, like Gecko) Chrome/53.0.2785.143 Crosswalk/23.53.589.4 Safari/537.36MAC=6cefc62275f"
183.213.240.15 - - [30/Sep/2019:10:44:07 +0800] "GET /storage/index_show/img/index_self_learn.png HTTP/1.1" 200 37957 "http://210.14.68.73:20193/bsbweb/content/index.html" "Mozilla/5.0 (Linux; Android 6.1; MagicBox_M17 Build/LMY47V) AppleWebKit/537.36 (KHTML, like Gecko) Chrome/53.0.2785.143 Crosswalk/23.53.589.4 Safari/537.36MAC=6cefc62275f"
183.213.240.15 - - [30/Sep/2019:10:44:08 +0800] "GET /bsbweb/content/assets/img/index/pic_bg.png HTTP/1.1" 200 359926 "http://210.14.68.73:20193/bsbweb/content/pro3/src/css/index.css" "Mozilla/5.0 (Linux; Android 6.1; MagicBox_M17 Build/LMY47V) AppleWebKit/537.36 (KHTML, like Gecko) Chrome/53.0.2785.143 Crosswalk/23.53.589.4 Safari/537.36MAC=6cefc62275f"
218.242.136.44 - - [30/Sep/2019:10:44:09 +0800] "GET /api/v1/members/bind/info?mac_addr=0001010100000000000000226D795864 HTTP/1.1" 200 150 "http://210.14.68.73:20193/bsbweb/content/index.html" "Mozilla/5.0 (Linux; Android 4.4.2; R3300-L Build/KOT49H) AppleWebKit/537.36 (KHTML, like Gecko) Chrome/53.0.2785.143 Crosswalk/23.53.589.4 Safari/537.36MAC=0001010100000000000000226D795864"
218.242.136.44 - - [30/Sep/2019:10:44:09 +0800] "GET /api/v1/members/qr/code/0001010100000000000000226D795864?r=0.2684028934848699 HTTP/1.1" 200 15668 "http://210.14.68.73:20193/bsbweb/content/index.html" "Mozilla/5.0 (Linux; Android 4.4.2; R3300-L Build/KOT49H) AppleWebKit/537.36 (KHTML, like Gecko) Chrome/53.0.2785.143 Crosswalk/23.53.589.4 Safari/537.36MAC=0001010100000000000000226D795864"
183.213.240.15 - - [30/Sep/2019:10:44:12 +0800] "GET /api/v1/members/bind/info?mac_addr=6cefc62275f HTTP/1.1" 200 150 "http://210.14.68.73:20193/bsbweb/content/index.html" "Mozilla/5.0 (Linux; Android 6.1; MagicBox_M17 Build/LMY47V) AppleWebKit/537.36 (KHTML, like Gecko) Chrome/53.0.2785.143 Crosswalk/23.53.589.4 Safari/537.36MAC=6cefc62275f"
183.213.240.15 - - [30/Sep/2019:10:44:12 +0800] "GET /api/v1/members/qr/code/6cefc62275f?r=0.5288198808643039 HTTP/1.1" 200 14920 "http://210.14.68.73:20193/bsbweb/content/index.html" "Mozilla/5.0 (Linux; Android 6.1; MagicBox_M17 Build/LMY47V) AppleWebKit/537.36 (KHTML, like Gecko) Chrome/53.0.2785.143 Crosswalk/23.53.589.4 Safari/537.36MAC=6cefc62275f"
218.242.136.44 - - [30/Sep/2019:10:44:14 +0800] "GET /api/v1/members/bind/info?mac_addr=0001010100000000000000226D795864 HTTP/1.1" 200 150 "http://210.14.68.73:20193/bsbweb/content/index.html" "Mozilla/5.0 (Linux; Android 4.4.2; R3300-L Build/KOT49H) AppleWebKit/537.36 (KHTML, like Gecko) Chrome/53.0.2785.143 Crosswalk/23.53.589.4 Safari/537.36MAC=0001010100000000000000226D795864"
218.242.136.44 - - [30/Sep/2019:10:44:14 +0800] "GET /api/v1/members/qr/code/0001010100000000000000226D795864?r=0.9765851935989993 HTTP/1.1" 200 15668 "http://210.14.68.73:20193/bsbweb/content/index.html" "Mozilla/5.0 (Linux; Android 4.4.2; R3300-L Build/KOT49H) AppleWebKit/537.36 (KHTML, like Gecko) Chrome/53.0.2785.143 Crosswalk/23.53.589.4 Safari/537.36MAC=0001010100000000000000226D795864"
