218.242.136.44 - - [30/Sep/2019:10:40:19 +0800] "GET /api/v1/members/bind/info?mac_addr=0001010100000000000000226D795864 HTTP/1.1" 200 150 "http://210.14.68.73:20193/bsbweb/content/index.html" "Mozilla/5.0 (Linux; Android 4.4.2; R3300-L Build/KOT49H) AppleWebKit/537.36 (KHTML, like Gecko) Chrome/53.0.2785.143 Crosswalk/23.53.589.4 Safari/537.36MAC=0001010100000000000000226D795864"
218.242.136.44 - - [30/Sep/2019:10:40:19 +0800] "GET /api/v1/members/qr/code/0001010100000000000000226D795864?r=0.6974251215216867 HTTP/1.1" 200 15668 "http://210.14.68.73:20193/bsbweb/content/index.html" "Mozilla/5.0 (Linux; Android 4.4.2; R3300-L Build/KOT49H) AppleWebKit/537.36 (KHTML, like Gecko) Chrome/53.0.2785.143 Crosswalk/23.53.589.4 Safari/537.36MAC=0001010100000000000000226D795864"
218.242.136.44 - - [30/Sep/2019:10:40:24 +0800] "GET /api/v1/members/bind/info?mac_addr=0001010100000000000000226D795864 HTTP/1.1" 200 150 "http://210.14.68.73:20193/bsbweb/content/index.html" "Mozilla/5.0 (Linux; Android 4.4.2; R3300-L Build/KOT49H) AppleWebKit/537.36 (KHTML, like Gecko) Chrome/53.0.2785.143 Crosswalk/23.53.589.4 Safari/537.36MAC=0001010100000000000000226D795864"
218.242.136.44 - - [30/Sep/2019:10:40:24 +0800] "GET /api/v1/members/qr/code/0001010100000000000000226D795864?r=0.9364562734283153 HTTP/1.1" 200 15668 "http://210.14.68.73:20193/bsbweb/content/index.html" "Mozilla/5.0 (Linux; Android 4.4.2; R3300-L Build/KOT49H) AppleWebKit/537.36 (KHTML, like Gecko) Chrome/53.0.2785.143 Crosswalk/23.53.589.4 Safari/537.36MAC=0001010100000000000000226D795864"
218.242.136.44 - - [30/Sep/2019:10:40:29 +0800] "GET /api/v1/members/bind/info?mac_addr=0001010100000000000000226D795864 HTTP/1.1" 200 150 "http://210.14.68.73:20193/bsbweb/content/index.html" "Mozilla/5.0 (Linux; Android 4.4.2; R3300-L Build/KOT49H) AppleWebKit/537.36 (KHTML, like Gecko) Chrome/53.0.2785.143 Crosswalk/23.53.589.4 Safari/537.36MAC=0001010100000000000000226D795864"
218.242.136.44 - - [30/Sep/2019:10:40:29 +0800] "GET /api/v1/members/qr/code/0001010100000000000000226D795864?r=0.07529649365743829 HTTP/1.1" 200 15668 "http://210.14.68.73:20193/bsbweb/content/index.html" "Mozilla/5.0 (Linux; Android 4.4.2; R3300-L Build/KOT49H) AppleWebKit/537.36 (KHTML, like Gecko) Chrome/53.0.2785.143 Crosswalk/23.53.589.4 Safari/537.36MAC=0001010100000000000000226D795864"
218.242.136.44 - - [30/Sep/2019:10:40:34 +0800] "GET /api/v1/members/bind/info?mac_addr=0001010100000000000000226D795864 HTTP/1.1" 200 150 "http://210.14.68.73:20193/bsbweb/content/index.html" "Mozilla/5.0 (Linux; Android 4.4.2; R3300-L Build/KOT49H) AppleWebKit/537.36 (KHTML, like Gecko) Chrome/53.0.2785.143 Crosswalk/23.53.589.4 Safari/537.36MAC=0001010100000000000000226D795864"
218.242.136.44 - - [30/Sep/2019:10:40:34 +0800] "GET /api/v1/members/qr/code/0001010100000000000000226D795864?r=0.9498511912929168 HTTP/1.1" 200 15668 "http://210.14.68.73:20193/bsbweb/content/index.html" "Mozilla/5.0 (Linux; Android 4.4.2; R3300-L Build/KOT49H) AppleWebKit/537.36 (KHTML, like Gecko) Chrome/53.0.2785.143 Crosswalk/23.53.589.4 Safari/537.36MAC=0001010100000000000000226D795864"
183.213.240.15 - - [30/Sep/2019:10:40:36 +0800] "GET /yfyvideo/tv_ads?mime_type=mp4 HTTP/1.1" 206 6649906 "-" "Lavf/57.40.101"
218.242.136.44 - - [30/Sep/2019:10:40:39 +0800] "GET /api/v1/members/bind/info?mac_addr=0001010100000000000000226D795864 HTTP/1.1" 200 150 "http://210.14.68.73:20193/bsbweb/content/index.html" "Mozilla/5.0 (Linux; Android 4.4.2; R3300-L Build/KOT49H) AppleWebKit/537.36 (KHTML, like Gecko) Chrome/53.0.2785.143 Crosswalk/23.53.589.4 Safari/537.36MAC=0001010100000000000000226D795864"
218.242.136.44 - - [30/Sep/2019:10:40:39 +0800] "GET /api/v1/members/qr/code/0001010100000000000000226D795864?r=0.565848313441526 HTTP/1.1" 200 15668 "http://210.14.68.73:20193/bsbweb/content/index.html" "Mozilla/5.0 (Linux; Android 4.4.2; R3300-L Build/KOT49H) AppleWebKit/537.36 (KHTML, like Gecko) Chrome/53.0.2785.143 Crosswalk/23.53.589.4 Safari/537.36MAC=0001010100000000000000226D795864"
218.242.136.44 - - [30/Sep/2019:10:40:44 +0800] "GET /api/v1/members/bind/info?mac_addr=0001010100000000000000226D795864 HTTP/1.1" 200 150 "http://210.14.68.73:20193/bsbweb/content/index.html" "Mozilla/5.0 (Linux; Android 4.4.2; R3300-L Build/KOT49H) AppleWebKit/537.36 (KHTML, like Gecko) Chrome/53.0.2785.143 Crosswalk/23.53.589.4 Safari/537.36MAC=0001010100000000000000226D795864"
218.242.136.44 - - [30/Sep/2019:10:40:44 +0800] "GET /api/v1/members/qr/code/0001010100000000000000226D795864?r=0.7836680343528544 HTTP/1.1" 200 15668 "http://210.14.68.73:20193/bsbweb/content/index.html" "Mozilla/5.0 (Linux; Android 4.4.2; R3300-L Build/KOT49H) AppleWebKit/537.36 (KHTML, like Gecko) Chrome/53.0.2785.143 Crosswalk/23.53.589.4 Safari/537.36MAC=0001010100000000000000226D795864"
183.213.240.15 - - [30/Sep/2019:10:40:47 +0800] "GET /yfyvideo/tv_ads?mime_type=mp4 HTTP/1.1" 206 1020135 "-" "Lavf/57.40.101"
192.168.10.55 - - [30/Sep/2019:10:40:47 +0800] "GET /yfyvideo/?query=http://210.14.68.73:20192/bboxvod20190404000000007.mp4 HTTP/1.0" 200 172 "-" "-"
183.213.240.15 - - [30/Sep/2019:10:40:47 +0800] "GET /api/v2/mobile/index_show/data HTTP/1.1" 200 1241 "-" "okhttp/3.10.0"
183.213.240.15 - - [30/Sep/2019:10:40:49 +0800] "GET /bsbweb/content/index.html HTTP/1.1" 200 1725 "-" "Mozilla/5.0 (Linux; Android 6.1; MagicBox_M17 Build/LMY47V) AppleWebKit/537.36 (KHTML, like Gecko) Chrome/53.0.2785.143 Crosswalk/23.53.589.4 Safari/537.36MAC=6cefc62275f"
183.213.240.15 - - [30/Sep/2019:10:40:49 +0800] "GET /bsbweb/content/pro3/src/css/public.css HTTP/1.1" 200 1735 "http://210.14.68.73:20193/bsbweb/content/index.html" "Mozilla/5.0 (Linux; Android 6.1; MagicBox_M17 Build/LMY47V) AppleWebKit/537.36 (KHTML, like Gecko) Chrome/53.0.2785.143 Crosswalk/23.53.589.4 Safari/537.36MAC=6cefc62275f"
183.213.240.15 - - [30/Sep/2019:10:40:49 +0800] "GET /bsbweb/content/pro3/src/css/index.css HTTP/1.1" 200 6450 "http://210.14.68.73:20193/bsbweb/content/index.html" "Mozilla/5.0 (Linux; Android 6.1; MagicBox_M17 Build/LMY47V) AppleWebKit/537.36 (KHTML, like Gecko) Chrome/53.0.2785.143 Crosswalk/23.53.589.4 Safari/537.36MAC=6cefc62275f"
183.213.240.15 - - [30/Sep/2019:10:40:49 +0800] "GET /bsbweb/content/public/ajaxSetup.js HTTP/1.1" 200 4497 "http://210.14.68.73:20193/bsbweb/content/index.html" "Mozilla/5.0 (Linux; Android 6.1; MagicBox_M17 Build/LMY47V) AppleWebKit/537.36 (KHTML, like Gecko) Chrome/53.0.2785.143 Crosswalk/23.53.589.4 Safari/537.36MAC=6cefc62275f"
183.213.240.15 - - [30/Sep/2019:10:40:49 +0800] "GET /bsbweb/content/public/keyFn.js HTTP/1.1" 200 3610 "http://210.14.68.73:20193/bsbweb/content/index.html" "Mozilla/5.0 (Linux; Android 6.1; MagicBox_M17 Build/LMY47V) AppleWebKit/537.36 (KHTML, like Gecko) Chrome/53.0.2785.143 Crosswalk/23.53.589.4 Safari/537.36MAC=6cefc62275f"
183.213.240.15 - - [30/Sep/2019:10:40:49 +0800] "GET /bsbweb/content/public/jquery-1.11.0.min.js HTTP/1.1" 200 96380 "http://210.14.68.73:20193/bsbweb/content/index.html" "Mozilla/5.0 (Linux; Android 6.1; MagicBox_M17 Build/LMY47V) AppleWebKit/537.36 (KHTML, like Gecko) Chrome/53.0.2785.143 Crosswalk/23.53.589.4 Safari/537.36MAC=6cefc62275f"
183.213.240.15 - - [30/Sep/2019:10:40:49 +0800] "GET /bsbweb/content/pro3/src/ES2015/index.js HTTP/1.1" 200 23672 "http://210.14.68.73:20193/bsbweb/content/index.html" "Mozilla/5.0 (Linux; Android 6.1; MagicBox_M17 Build/LMY47V) AppleWebKit/537.36 (KHTML, like Gecko) Chrome/53.0.2785.143 Crosswalk/23.53.589.4 Safari/537.36MAC=6cefc62275f"
183.213.240.15 - - [30/Sep/2019:10:40:49 +0800] "GET /bsbweb/content/assets/img/index/pic_logo.png HTTP/1.1" 200 10831 "http://210.14.68.73:20193/bsbweb/content/index.html" "Mozilla/5.0 (Linux; Android 6.1; MagicBox_M17 Build/LMY47V) AppleWebKit/537.36 (KHTML, like Gecko) Chrome/53.0.2785.143 Crosswalk/23.53.589.4 Safari/537.36MAC=6cefc62275f"
183.213.240.15 - - [30/Sep/2019:10:40:49 +0800] "GET /bsbweb/content/assets/img/index/gongzhonghao.jpg HTTP/1.1" 200 30643 "http://210.14.68.73:20193/bsbweb/content/index.html" "Mozilla/5.0 (Linux; Android 6.1; MagicBox_M17 Build/LMY47V) AppleWebKit/537.36 (KHTML, like Gecko) Chrome/53.0.2785.143 Crosswalk/23.53.589.4 Safari/537.36MAC=6cefc62275f"
183.213.240.15 - - [30/Sep/2019:10:40:49 +0800] "GET /bsbweb/content/assets/img/index/ranking_list.png HTTP/1.1" 200 11819 "http://210.14.68.73:20193/bsbweb/content/index.html" "Mozilla/5.0 (Linux; Android 6.1; MagicBox_M17 Build/LMY47V) AppleWebKit/537.36 (KHTML, like Gecko) Chrome/53.0.2785.143 Crosswalk/23.53.589.4 Safari/537.36MAC=6cefc62275f"
218.242.136.44 - - [30/Sep/2019:10:40:49 +0800] "GET /api/v1/members/bind/info?mac_addr=0001010100000000000000226D795864 HTTP/1.1" 200 150 "http://210.14.68.73:20193/bsbweb/content/index.html" "Mozilla/5.0 (Linux; Android 4.4.2; R3300-L Build/KOT49H) AppleWebKit/537.36 (KHTML, like Gecko) Chrome/53.0.2785.143 Crosswalk/23.53.589.4 Safari/537.36MAC=0001010100000000000000226D795864"
218.242.136.44 - - [30/Sep/2019:10:40:49 +0800] "GET /api/v1/members/qr/code/0001010100000000000000226D795864?r=0.4400064333699991 HTTP/1.1" 200 15668 "http://210.14.68.73:20193/bsbweb/content/index.html" "Mozilla/5.0 (Linux; Android 4.4.2; R3300-L Build/KOT49H) AppleWebKit/537.36 (KHTML, like Gecko) Chrome/53.0.2785.143 Crosswalk/23.53.589.4 Safari/537.36MAC=0001010100000000000000226D795864"
183.213.240.15 - - [30/Sep/2019:10:40:49 +0800] "GET /bsbweb/content/assets/img/index/pic_4.png HTTP/1.1" 200 7919 "http://210.14.68.73:20193/bsbweb/content/pro3/src/css/index.css" "Mozilla/5.0 (Linux; Android 6.1; MagicBox_M17 Build/LMY47V) AppleWebKit/537.36 (KHTML, like Gecko) Chrome/53.0.2785.143 Crosswalk/23.53.589.4 Safari/537.36MAC=6cefc62275f"
183.213.240.15 - - [30/Sep/2019:10:40:50 +0800] "GET /bsbweb/content/assets/img/index/exit_bg.png HTTP/1.1" 200 181900 "http://210.14.68.73:20193/bsbweb/content/pro3/src/css/index.css" "Mozilla/5.0 (Linux; Android 6.1; MagicBox_M17 Build/LMY47V) AppleWebKit/537.36 (KHTML, like Gecko) Chrome/53.0.2785.143 Crosswalk/23.53.589.4 Safari/537.36MAC=6cefc62275f"
183.213.240.15 - - [30/Sep/2019:10:40:50 +0800] "GET /bsbweb/content/assets/img/index/pic_bg.png HTTP/1.1" 200 359926 "http://210.14.68.73:20193/bsbweb/content/pro3/src/css/index.css" "Mozilla/5.0 (Linux; Android 6.1; MagicBox_M17 Build/LMY47V) AppleWebKit/537.36 (KHTML, like Gecko) Chrome/53.0.2785.143 Crosswalk/23.53.589.4 Safari/537.36MAC=6cefc62275f"
183.213.240.15 - - [30/Sep/2019:10:40:51 +0800] "POST /api/v1/upgrade HTTP/1.1" 200 494 "-" "okhttp/3.10.0"
183.213.240.15 - - [30/Sep/2019:10:40:51 +0800] "GET /api/v1/members/bind/info?mac_addr=6cefc62275f HTTP/1.1" 200 150 "http://210.14.68.73:20193/bsbweb/content/index.html" "Mozilla/5.0 (Linux; Android 6.1; MagicBox_M17 Build/LMY47V) AppleWebKit/537.36 (KHTML, like Gecko) Chrome/53.0.2785.143 Crosswalk/23.53.589.4 Safari/537.36MAC=6cefc62275f"
192.168.10.55 - - [30/Sep/2019:10:40:52 +0800] "GET /yfyvideo/?bulk=bboxvod20180118090710050.ts|bboxvod20180503141602154.ts|bboxvod20180503141548863.ts|bboxvod20180503141547006.ts|bboxvod20180118090708677.ts|bboxvod20180118090603530.ts|bboxvod20180503141921931.ts|bboxvod20180118091119247.ts|bboxvod20180503141618186.ts|bboxvod20180118091043990.ts HTTP/1.0" 200 2077 "-" "-"
183.213.240.15 - - [30/Sep/2019:10:40:52 +0800] "GET /api/v2/index_show/data/1?mac_addr=6cefc62275f HTTP/1.1" 200 12312 "http://210.14.68.73:20193/bsbweb/content/index.html" "Mozilla/5.0 (Linux; Android 6.1; MagicBox_M17 Build/LMY47V) AppleWebKit/537.36 (KHTML, like Gecko) Chrome/53.0.2785.143 Crosswalk/23.53.589.4 Safari/537.36MAC=6cefc62275f"
183.213.240.15 - - [30/Sep/2019:10:40:52 +0800] "GET /bsbweb/content/assets/img/index/nobuy.png HTTP/1.1" 200 1690 "http://210.14.68.73:20193/bsbweb/content/index.html" "Mozilla/5.0 (Linux; Android 6.1; MagicBox_M17 Build/LMY47V) AppleWebKit/537.36 (KHTML, like Gecko) Chrome/53.0.2785.143 Crosswalk/23.53.589.4 Safari/537.36MAC=6cefc62275f"
183.213.240.15 - - [30/Sep/2019:10:40:52 +0800] "GET /api/v1/members/qr/code/6cefc62275f?r=0.9057336114810464 HTTP/1.1" 200 14920 "http://210.14.68.73:20193/bsbweb/content/index.html" "Mozilla/5.0 (Linux; Android 6.1; MagicBox_M17 Build/LMY47V) AppleWebKit/537.36 (KHTML, like Gecko) Chrome/53.0.2785.143 Crosswalk/23.53.589.4 Safari/537.36MAC=6cefc62275f"
183.213.240.15 - - [30/Sep/2019:10:40:52 +0800] "GET /storage/index_show/img/index_gg.gif HTTP/1.1" 200 104571 "http://210.14.68.73:20193/bsbweb/content/index.html" "Mozilla/5.0 (Linux; Android 6.1; MagicBox_M17 Build/LMY47V) AppleWebKit/537.36 (KHTML, like Gecko) Chrome/53.0.2785.143 Crosswalk/23.53.589.4 Safari/537.36MAC=6cefc62275f"
183.213.240.15 - - [30/Sep/2019:10:40:52 +0800] "GET /storage/index_show/img/index_zuoti_720.png HTTP/1.1" 200 29278 "http://210.14.68.73:20193/bsbweb/content/index.html" "Mozilla/5.0 (Linux; Android 6.1; MagicBox_M17 Build/LMY47V) AppleWebKit/537.36 (KHTML, like Gecko) Chrome/53.0.2785.143 Crosswalk/23.53.589.4 Safari/537.36MAC=6cefc62275f"
183.213.240.15 - - [30/Sep/2019:10:40:52 +0800] "GET /storage/index_show/img/weike_guangch_720.png HTTP/1.1" 200 27788 "http://210.14.68.73:20193/bsbweb/content/index.html" "Mozilla/5.0 (Linux; Android 6.1; MagicBox_M17 Build/LMY47V) AppleWebKit/537.36 (KHTML, like Gecko) Chrome/53.0.2785.143 Crosswalk/23.53.589.4 Safari/537.36MAC=6cefc62275f"
183.213.240.15 - - [30/Sep/2019:10:40:52 +0800] "GET /storage/index_show/img/index_siwei_720.png HTTP/1.1" 200 24827 "http://210.14.68.73:20193/bsbweb/content/index.html" "Mozilla/5.0 (Linux; Android 6.1; MagicBox_M17 Build/LMY47V) AppleWebKit/537.36 (KHTML, like Gecko) Chrome/53.0.2785.143 Crosswalk/23.53.589.4 Safari/537.36MAC=6cefc62275f"
183.213.240.15 - - [30/Sep/2019:10:40:52 +0800] "GET /storage/index_show/img/index_tongbu_720.png HTTP/1.1" 200 28344 "http://210.14.68.73:20193/bsbweb/content/index.html" "Mozilla/5.0 (Linux; Android 6.1; MagicBox_M17 Build/LMY47V) AppleWebKit/537.36 (KHTML, like Gecko) Chrome/53.0.2785.143 Crosswalk/23.53.589.4 Safari/537.36MAC=6cefc62275f"
183.213.240.15 - - [30/Sep/2019:10:40:52 +0800] "GET /storage/index_show/img/zonghetishen_720.png HTTP/1.1" 200 32028 "http://210.14.68.73:20193/bsbweb/content/index.html" "Mozilla/5.0 (Linux; Android 6.1; MagicBox_M17 Build/LMY47V) AppleWebKit/537.36 (KHTML, like Gecko) Chrome/53.0.2785.143 Crosswalk/23.53.589.4 Safari/537.36MAC=6cefc62275f"
183.213.240.15 - - [30/Sep/2019:10:40:52 +0800] "GET /storage/index_show/img/index_free_class.png HTTP/1.1" 200 26112 "http://210.14.68.73:20193/bsbweb/content/index.html" "Mozilla/5.0 (Linux; Android 6.1; MagicBox_M17 Build/LMY47V) AppleWebKit/537.36 (KHTML, like Gecko) Chrome/53.0.2785.143 Crosswalk/23.53.589.4 Safari/537.36MAC=6cefc62275f"
183.213.240.15 - - [30/Sep/2019:10:40:52 +0800] "GET /storage/index_show/img/index_user_center.png HTTP/1.1" 200 34181 "http://210.14.68.73:20193/bsbweb/content/index.html" "Mozilla/5.0 (Linux; Android 6.1; MagicBox_M17 Build/LMY47V) AppleWebKit/537.36 (KHTML, like Gecko) Chrome/53.0.2785.143 Crosswalk/23.53.589.4 Safari/537.36MAC=6cefc62275f"
183.213.240.15 - - [30/Sep/2019:10:40:52 +0800] "GET /storage/index_show/img/index_zhongkao_tiku.png HTTP/1.1" 200 48835 "http://210.14.68.73:20193/bsbweb/content/index.html" "Mozilla/5.0 (Linux; Android 6.1; MagicBox_M17 Build/LMY47V) AppleWebKit/537.36 (KHTML, like Gecko) Chrome/53.0.2785.143 Crosswalk/23.53.589.4 Safari/537.36MAC=6cefc62275f"
183.213.240.15 - - [30/Sep/2019:10:40:53 +0800] "GET /storage/index_show/img/index_self_learn.png HTTP/1.1" 200 37957 "http://210.14.68.73:20193/bsbweb/content/index.html" "Mozilla/5.0 (Linux; Android 6.1; MagicBox_M17 Build/LMY47V) AppleWebKit/537.36 (KHTML, like Gecko) Chrome/53.0.2785.143 Crosswalk/23.53.589.4 Safari/537.36MAC=6cefc62275f"
183.213.240.15 - - [30/Sep/2019:10:40:53 +0800] "GET /storage/index_show/img/index_watch_history.png HTTP/1.1" 200 44114 "http://210.14.68.73:20193/bsbweb/content/index.html" "Mozilla/5.0 (Linux; Android 6.1; MagicBox_M17 Build/LMY47V) AppleWebKit/537.36 (KHTML, like Gecko) Chrome/53.0.2785.143 Crosswalk/23.53.589.4 Safari/537.36MAC=6cefc62275f"
183.213.240.15 - - [30/Sep/2019:10:40:53 +0800] "GET /storage/index_show/img/index_gaozhong_720.png HTTP/1.1" 200 21429 "http://210.14.68.73:20193/bsbweb/content/index.html" "Mozilla/5.0 (Linux; Android 6.1; MagicBox_M17 Build/LMY47V) AppleWebKit/537.36 (KHTML, like Gecko) Chrome/53.0.2785.143 Crosswalk/23.53.589.4 Safari/537.36MAC=6cefc62275f"
183.213.240.15 - - [30/Sep/2019:10:40:53 +0800] "GET /storage/index_show/img/index_chuzhong_720.png HTTP/1.1" 200 21209 "http://210.14.68.73:20193/bsbweb/content/index.html" "Mozilla/5.0 (Linux; Android 6.1; MagicBox_M17 Build/LMY47V) AppleWebKit/537.36 (KHTML, like Gecko) Chrome/53.0.2785.143 Crosswalk/23.53.589.4 Safari/537.36MAC=6cefc62275f"
183.213.240.15 - - [30/Sep/2019:10:40:53 +0800] "GET /storage/index_show/img/index_xiaoxue_720.png HTTP/1.1" 200 25779 "http://210.14.68.73:20193/bsbweb/content/index.html" "Mozilla/5.0 (Linux; Android 6.1; MagicBox_M17 Build/LMY47V) AppleWebKit/537.36 (KHTML, like Gecko) Chrome/53.0.2785.143 Crosswalk/23.53.589.4 Safari/537.36MAC=6cefc62275f"
218.242.136.44 - - [30/Sep/2019:10:40:54 +0800] "GET /api/v1/members/bind/info?mac_addr=0001010100000000000000226D795864 HTTP/1.1" 200 150 "http://210.14.68.73:20193/bsbweb/content/index.html" "Mozilla/5.0 (Linux; Android 4.4.2; R3300-L Build/KOT49H) AppleWebKit/537.36 (KHTML, like Gecko) Chrome/53.0.2785.143 Crosswalk/23.53.589.4 Safari/537.36MAC=0001010100000000000000226D795864"
218.242.136.44 - - [30/Sep/2019:10:40:54 +0800] "GET /api/v1/members/qr/code/0001010100000000000000226D795864?r=0.2203491434515672 HTTP/1.1" 200 15668 "http://210.14.68.73:20193/bsbweb/content/index.html" "Mozilla/5.0 (Linux; Android 4.4.2; R3300-L Build/KOT49H) AppleWebKit/537.36 (KHTML, like Gecko) Chrome/53.0.2785.143 Crosswalk/23.53.589.4 Safari/537.36MAC=0001010100000000000000226D795864"
183.213.240.15 - - [30/Sep/2019:10:40:56 +0800] "GET /api/v1/members/bind/info?mac_addr=6cefc62275f HTTP/1.1" 200 150 "http://210.14.68.73:20193/bsbweb/content/index.html" "Mozilla/5.0 (Linux; Android 6.1; MagicBox_M17 Build/LMY47V) AppleWebKit/537.36 (KHTML, like Gecko) Chrome/53.0.2785.143 Crosswalk/23.53.589.4 Safari/537.36MAC=6cefc62275f"
183.213.240.15 - - [30/Sep/2019:10:40:57 +0800] "GET /api/v1/members/qr/code/6cefc62275f?r=0.3977312603435146 HTTP/1.1" 200 14920 "http://210.14.68.73:20193/bsbweb/content/index.html" "Mozilla/5.0 (Linux; Android 6.1; MagicBox_M17 Build/LMY47V) AppleWebKit/537.36 (KHTML, like Gecko) Chrome/53.0.2785.143 Crosswalk/23.53.589.4 Safari/537.36MAC=6cefc62275f"
218.242.136.44 - - [30/Sep/2019:10:40:59 +0800] "GET /api/v1/members/qr/code/0001010100000000000000226D795864?r=0.1746976871782948 HTTP/1.1" 200 15668 "http://210.14.68.73:20193/bsbweb/content/index.html" "Mozilla/5.0 (Linux; Android 4.4.2; R3300-L Build/KOT49H) AppleWebKit/537.36 (KHTML, like Gecko) Chrome/53.0.2785.143 Crosswalk/23.53.589.4 Safari/537.36MAC=0001010100000000000000226D795864"
218.242.136.44 - - [30/Sep/2019:10:40:59 +0800] "GET /api/v1/members/bind/info?mac_addr=0001010100000000000000226D795864 HTTP/1.1" 200 150 "http://210.14.68.73:20193/bsbweb/content/index.html" "Mozilla/5.0 (Linux; Android 4.4.2; R3300-L Build/KOT49H) AppleWebKit/537.36 (KHTML, like Gecko) Chrome/53.0.2785.143 Crosswalk/23.53.589.4 Safari/537.36MAC=0001010100000000000000226D795864"
218.242.136.44 - - [30/Sep/2019:10:40:59 +0800] "GET /api/v1/members/qr/code/0001010100000000000000226D795864?r=0.8746318633537467 HTTP/1.1" 200 15668 "http://210.14.68.73:20193/bsbweb/content/index.html" "Mozilla/5.0 (Linux; Android 4.4.2; R3300-L Build/KOT49H) AppleWebKit/537.36 (KHTML, like Gecko) Chrome/53.0.2785.143 Crosswalk/23.53.589.4 Safari/537.36MAC=0001010100000000000000226D795864"
183.213.240.15 - - [30/Sep/2019:10:41:01 +0800] "GET /api/v1/members/bind/info?mac_addr=6cefc62275f HTTP/1.1" 200 150 "http://210.14.68.73:20193/bsbweb/content/index.html" "Mozilla/5.0 (Linux; Android 6.1; MagicBox_M17 Build/LMY47V) AppleWebKit/537.36 (KHTML, like Gecko) Chrome/53.0.2785.143 Crosswalk/23.53.589.4 Safari/537.36MAC=6cefc62275f"
183.213.240.15 - - [30/Sep/2019:10:41:02 +0800] "GET /api/v1/members/qr/code/6cefc62275f?r=0.1286764890594232 HTTP/1.1" 200 14920 "http://210.14.68.73:20193/bsbweb/content/index.html" "Mozilla/5.0 (Linux; Android 6.1; MagicBox_M17 Build/LMY47V) AppleWebKit/537.36 (KHTML, like Gecko) Chrome/53.0.2785.143 Crosswalk/23.53.589.4 Safari/537.36MAC=6cefc62275f"
183.213.240.15 - - [30/Sep/2019:10:41:04 +0800] "GET /bsbweb/content/pro2/src/html/freeClasses.html?indexFlag=0&id=6 HTTP/1.1" 200 1315 "http://210.14.68.73:20193/bsbweb/content/index.html" "Mozilla/5.0 (Linux; Android 6.1; MagicBox_M17 Build/LMY47V) AppleWebKit/537.36 (KHTML, like Gecko) Chrome/53.0.2785.143 Crosswalk/23.53.589.4 Safari/537.36MAC=6cefc62275f"
183.213.240.15 - - [30/Sep/2019:10:41:04 +0800] "GET /bsbweb/content/commonCss/public.css HTTP/1.1" 200 2980 "http://210.14.68.73:20193/bsbweb/content/pro2/src/html/freeClasses.html?indexFlag=0&id=6" "Mozilla/5.0 (Linux; Android 6.1; MagicBox_M17 Build/LMY47V) AppleWebKit/537.36 (KHTML, like Gecko) Chrome/53.0.2785.143 Crosswalk/23.53.589.4 Safari/537.36MAC=6cefc62275f"
183.213.240.15 - - [30/Sep/2019:10:41:04 +0800] "GET /bsbweb/content/pro2/src/css/freeClass.css HTTP/1.1" 200 7306 "http://210.14.68.73:20193/bsbweb/content/pro2/src/html/freeClasses.html?indexFlag=0&id=6" "Mozilla/5.0 (Linux; Android 6.1; MagicBox_M17 Build/LMY47V) AppleWebKit/537.36 (KHTML, like Gecko) Chrome/53.0.2785.143 Crosswalk/23.53.589.4 Safari/537.36MAC=6cefc62275f"
183.213.240.15 - - [30/Sep/2019:10:41:04 +0800] "GET /bsbweb/content/public/ajaxSetup.js?v=0.8236290498472134 HTTP/1.1" 200 4497 "http://210.14.68.73:20193/bsbweb/content/pro2/src/html/freeClasses.html?indexFlag=0&id=6" "Mozilla/5.0 (Linux; Android 6.1; MagicBox_M17 Build/LMY47V) AppleWebKit/537.36 (KHTML, like Gecko) Chrome/53.0.2785.143 Crosswalk/23.53.589.4 Safari/537.36MAC=6cefc62275f"
183.213.240.15 - - [30/Sep/2019:10:41:04 +0800] "GET /bsbweb/content/public/CommonMethods.js?v=0.04012688081630578 HTTP/1.1" 200 29147 "http://210.14.68.73:20193/bsbweb/content/pro2/src/html/freeClasses.html?indexFlag=0&id=6" "Mozilla/5.0 (Linux; Android 6.1; MagicBox_M17 Build/LMY47V) AppleWebKit/537.36 (KHTML, like Gecko) Chrome/53.0.2785.143 Crosswalk/23.53.589.4 Safari/537.36MAC=6cefc62275f"
183.213.240.15 - - [30/Sep/2019:10:41:04 +0800] "GET /bsbweb/content/pro2/src/ES2015/freeClasses.js?v=0.5863288191019316 HTTP/1.1" 200 15110 "http://210.14.68.73:20193/bsbweb/content/pro2/src/html/freeClasses.html?indexFlag=0&id=6" "Mozilla/5.0 (Linux; Android 6.1; MagicBox_M17 Build/LMY47V) AppleWebKit/537.36 (KHTML, like Gecko) Chrome/53.0.2785.143 Crosswalk/23.53.589.4 Safari/537.36MAC=6cefc62275f"
183.213.240.15 - - [30/Sep/2019:10:41:04 +0800] "GET /bsbweb/content/assets/img/pic_caozuo.png HTTP/1.1" 200 6779 "http://210.14.68.73:20193/bsbweb/content/pro2/src/css/freeClass.css" "Mozilla/5.0 (Linux; Android 6.1; MagicBox_M17 Build/LMY47V) AppleWebKit/537.36 (KHTML, like Gecko) Chrome/53.0.2785.143 Crosswalk/23.53.589.4 Safari/537.36MAC=6cefc62275f"
183.213.240.15 - - [30/Sep/2019:10:41:04 +0800] "GET /bsbweb/content/assets/img/btn_nav_fanhui_nor.png HTTP/1.1" 200 1681 "http://210.14.68.73:20193/bsbweb/content/pro2/src/css/freeClass.css" "Mozilla/5.0 (Linux; Android 6.1; MagicBox_M17 Build/LMY47V) AppleWebKit/537.36 (KHTML, like Gecko) Chrome/53.0.2785.143 Crosswalk/23.53.589.4 Safari/537.36MAC=6cefc62275f"
218.242.136.44 - - [30/Sep/2019:10:41:04 +0800] "GET /api/v1/members/bind/info?mac_addr=0001010100000000000000226D795864 HTTP/1.1" 200 150 "http://210.14.68.73:20193/bsbweb/content/index.html" "Mozilla/5.0 (Linux; Android 4.4.2; R3300-L Build/KOT49H) AppleWebKit/537.36 (KHTML, like Gecko) Chrome/53.0.2785.143 Crosswalk/23.53.589.4 Safari/537.36MAC=0001010100000000000000226D795864"
218.242.136.44 - - [30/Sep/2019:10:41:04 +0800] "GET /api/v1/members/qr/code/0001010100000000000000226D795864?r=0.1691431155238281 HTTP/1.1" 200 15668 "http://210.14.68.73:20193/bsbweb/content/index.html" "Mozilla/5.0 (Linux; Android 4.4.2; R3300-L Build/KOT49H) AppleWebKit/537.36 (KHTML, like Gecko) Chrome/53.0.2785.143 Crosswalk/23.53.589.4 Safari/537.36MAC=0001010100000000000000226D795864"
183.213.240.15 - - [30/Sep/2019:10:41:05 +0800] "GET /bsbweb/content/assets/img/pic_bg.png HTTP/1.1" 200 186404 "http://210.14.68.73:20193/bsbweb/content/pro2/src/css/freeClass.css" "Mozilla/5.0 (Linux; Android 6.1; MagicBox_M17 Build/LMY47V) AppleWebKit/537.36 (KHTML, like Gecko) Chrome/53.0.2785.143 Crosswalk/23.53.589.4 Safari/537.36MAC=6cefc62275f"
192.168.10.55 - - [30/Sep/2019:10:41:05 +0800] "GET /yfyvideo/?bulk=bboxvod20180118090710050.ts|bboxvod20180118091031728.ts|bboxvod20180118090708677.ts|bboxvod20180503141627276.ts|bboxvod20180503141627385.ts|bboxvod20180118090705557.ts|bboxvod20180118090707179.ts|bboxvod20180503141918764.ts|bboxvod20180503141921931.ts|bboxvod20180118091043990.ts HTTP/1.0" 200 2079 "-" "-"
183.213.240.15 - - [30/Sep/2019:10:41:05 +0800] "GET /api/v2/free/index?page=1&education_id=0 HTTP/1.1" 200 5446 "http://210.14.68.73:20193/bsbweb/content/pro2/src/html/freeClasses.html?indexFlag=0&id=6" "Mozilla/5.0 (Linux; Android 6.1; MagicBox_M17 Build/LMY47V) AppleWebKit/537.36 (KHTML, like Gecko) Chrome/53.0.2785.143 Crosswalk/23.53.589.4 Safari/537.36MAC=6cefc62275f"
218.242.136.44 - - [30/Sep/2019:10:41:09 +0800] "GET /api/v1/members/bind/info?mac_addr=0001010100000000000000226D795864 HTTP/1.1" 200 150 "http://210.14.68.73:20193/bsbweb/content/index.html" "Mozilla/5.0 (Linux; Android 4.4.2; R3300-L Build/KOT49H) AppleWebKit/537.36 (KHTML, like Gecko) Chrome/53.0.2785.143 Crosswalk/23.53.589.4 Safari/537.36MAC=0001010100000000000000226D795864"
218.242.136.44 - - [30/Sep/2019:10:41:09 +0800] "GET /api/v1/members/qr/code/0001010100000000000000226D795864?r=0.5882791516355521 HTTP/1.1" 200 15668 "http://210.14.68.73:20193/bsbweb/content/index.html" "Mozilla/5.0 (Linux; Android 4.4.2; R3300-L Build/KOT49H) AppleWebKit/537.36 (KHTML, like Gecko) Chrome/53.0.2785.143 Crosswalk/23.53.589.4 Safari/537.36MAC=0001010100000000000000226D795864"
218.242.136.44 - - [30/Sep/2019:10:41:14 +0800] "GET /api/v1/members/bind/info?mac_addr=0001010100000000000000226D795864 HTTP/1.1" 200 150 "http://210.14.68.73:20193/bsbweb/content/index.html" "Mozilla/5.0 (Linux; Android 4.4.2; R3300-L Build/KOT49H) AppleWebKit/537.36 (KHTML, like Gecko) Chrome/53.0.2785.143 Crosswalk/23.53.589.4 Safari/537.36MAC=0001010100000000000000226D795864"
218.242.136.44 - - [30/Sep/2019:10:41:14 +0800] "GET /api/v1/members/qr/code/0001010100000000000000226D795864?r=0.8493036568053687 HTTP/1.1" 200 15668 "http://210.14.68.73:20193/bsbweb/content/index.html" "Mozilla/5.0 (Linux; Android 4.4.2; R3300-L Build/KOT49H) AppleWebKit/537.36 (KHTML, like Gecko) Chrome/53.0.2785.143 Crosswalk/23.53.589.4 Safari/537.36MAC=0001010100000000000000226D795864"
183.213.240.15 - - [30/Sep/2019:10:41:14 +0800] "GET /bsbweb/content/index.html HTTP/1.1" 200 1725 "http://210.14.68.73:20193/bsbweb/content/pro2/src/html/freeClasses.html?indexFlag=0&id=6" "Mozilla/5.0 (Linux; Android 6.1; MagicBox_M17 Build/LMY47V) AppleWebKit/537.36 (KHTML, like Gecko) Chrome/53.0.2785.143 Crosswalk/23.53.589.4 Safari/537.36MAC=6cefc62275f"
183.213.240.15 - - [30/Sep/2019:10:41:14 +0800] "GET /bsbweb/content/pro3/src/css/public.css HTTP/1.1" 200 1735 "http://210.14.68.73:20193/bsbweb/content/index.html" "Mozilla/5.0 (Linux; Android 6.1; MagicBox_M17 Build/LMY47V) AppleWebKit/537.36 (KHTML, like Gecko) Chrome/53.0.2785.143 Crosswalk/23.53.589.4 Safari/537.36MAC=6cefc62275f"
183.213.240.15 - - [30/Sep/2019:10:41:14 +0800] "GET /bsbweb/content/pro3/src/css/index.css HTTP/1.1" 200 6450 "http://210.14.68.73:20193/bsbweb/content/index.html" "Mozilla/5.0 (Linux; Android 6.1; MagicBox_M17 Build/LMY47V) AppleWebKit/537.36 (KHTML, like Gecko) Chrome/53.0.2785.143 Crosswalk/23.53.589.4 Safari/537.36MAC=6cefc62275f"
183.213.240.15 - - [30/Sep/2019:10:41:14 +0800] "GET /bsbweb/content/public/ajaxSetup.js HTTP/1.1" 200 4497 "http://210.14.68.73:20193/bsbweb/content/index.html" "Mozilla/5.0 (Linux; Android 6.1; MagicBox_M17 Build/LMY47V) AppleWebKit/537.36 (KHTML, like Gecko) Chrome/53.0.2785.143 Crosswalk/23.53.589.4 Safari/537.36MAC=6cefc62275f"
183.213.240.15 - - [30/Sep/2019:10:41:14 +0800] "GET /bsbweb/content/public/keyFn.js HTTP/1.1" 200 3610 "http://210.14.68.73:20193/bsbweb/content/index.html" "Mozilla/5.0 (Linux; Android 6.1; MagicBox_M17 Build/LMY47V) AppleWebKit/537.36 (KHTML, like Gecko) Chrome/53.0.2785.143 Crosswalk/23.53.589.4 Safari/537.36MAC=6cefc62275f"
183.213.240.15 - - [30/Sep/2019:10:41:14 +0800] "GET /bsbweb/content/public/jquery-1.11.0.min.js HTTP/1.1" 200 96380 "http://210.14.68.73:20193/bsbweb/content/index.html" "Mozilla/5.0 (Linux; Android 6.1; MagicBox_M17 Build/LMY47V) AppleWebKit/537.36 (KHTML, like Gecko) Chrome/53.0.2785.143 Crosswalk/23.53.589.4 Safari/537.36MAC=6cefc62275f"
183.213.240.15 - - [30/Sep/2019:10:41:14 +0800] "GET /bsbweb/content/pro3/src/ES2015/index.js HTTP/1.1" 200 23672 "http://210.14.68.73:20193/bsbweb/content/index.html" "Mozilla/5.0 (Linux; Android 6.1; MagicBox_M17 Build/LMY47V) AppleWebKit/537.36 (KHTML, like Gecko) Chrome/53.0.2785.143 Crosswalk/23.53.589.4 Safari/537.36MAC=6cefc62275f"
183.213.240.15 - - [30/Sep/2019:10:41:15 +0800] "GET /api/v1/members/bind/info?mac_addr=6cefc62275f HTTP/1.1" 200 150 "http://210.14.68.73:20193/bsbweb/content/index.html" "Mozilla/5.0 (Linux; Android 6.1; MagicBox_M17 Build/LMY47V) AppleWebKit/537.36 (KHTML, like Gecko) Chrome/53.0.2785.143 Crosswalk/23.53.589.4 Safari/537.36MAC=6cefc62275f"
183.213.240.15 - - [30/Sep/2019:10:41:15 +0800] "GET /api/v1/members/qr/code/6cefc62275f?r=0.17560680056997224 HTTP/1.1" 200 14920 "http://210.14.68.73:20193/bsbweb/content/index.html" "Mozilla/5.0 (Linux; Android 6.1; MagicBox_M17 Build/LMY47V) AppleWebKit/537.36 (KHTML, like Gecko) Chrome/53.0.2785.143 Crosswalk/23.53.589.4 Safari/537.36MAC=6cefc62275f"
192.168.10.55 - - [30/Sep/2019:10:41:15 +0800] "GET /yfyvideo/?bulk=bboxvod20180118090710050.ts|bboxvod20180503141602154.ts|bboxvod20180503141548863.ts|bboxvod20180503141547006.ts|bboxvod20180118090708677.ts|bboxvod20180118090603530.ts|bboxvod20180503141921931.ts|bboxvod20180118091119247.ts|bboxvod20180503141618186.ts|bboxvod20180118091043990.ts HTTP/1.0" 200 2079 "-" "-"
183.213.240.15 - - [30/Sep/2019:10:41:15 +0800] "GET /api/v2/index_show/data/1?mac_addr=6cefc62275f HTTP/1.1" 200 12314 "http://210.14.68.73:20193/bsbweb/content/index.html" "Mozilla/5.0 (Linux; Android 6.1; MagicBox_M17 Build/LMY47V) AppleWebKit/537.36 (KHTML, like Gecko) Chrome/53.0.2785.143 Crosswalk/23.53.589.4 Safari/537.36MAC=6cefc62275f"
218.242.136.44 - - [30/Sep/2019:10:41:19 +0800] "GET /bsbweb/content/index.html?MAC=caojian2019 HTTP/1.1" 304 0 "-" "Mozilla/5.0 (Windows NT 6.1; Win64; x64) AppleWebKit/537.36 (KHTML, like Gecko) Chrome/77.0.3865.90 Safari/537.36"
218.242.136.44 - - [30/Sep/2019:10:41:19 +0800] "GET /bsbweb/content/pro3/src/css/public.css HTTP/1.1" 304 0 "http://210.14.68.73:20193/bsbweb/content/index.html?MAC=caojian2019" "Mozilla/5.0 (Windows NT 6.1; Win64; x64) AppleWebKit/537.36 (KHTML, like Gecko) Chrome/77.0.3865.90 Safari/537.36"
218.242.136.44 - - [30/Sep/2019:10:41:19 +0800] "GET /bsbweb/content/pro3/src/css/index.css HTTP/1.1" 304 0 "http://210.14.68.73:20193/bsbweb/content/index.html?MAC=caojian2019" "Mozilla/5.0 (Windows NT 6.1; Win64; x64) AppleWebKit/537.36 (KHTML, like Gecko) Chrome/77.0.3865.90 Safari/537.36"
218.242.136.44 - - [30/Sep/2019:10:41:19 +0800] "GET /bsbweb/content/public/ajaxSetup.js HTTP/1.1" 304 0 "http://210.14.68.73:20193/bsbweb/content/index.html?MAC=caojian2019" "Mozilla/5.0 (Windows NT 6.1; Win64; x64) AppleWebKit/537.36 (KHTML, like Gecko) Chrome/77.0.3865.90 Safari/537.36"
218.242.136.44 - - [30/Sep/2019:10:41:19 +0800] "GET /bsbweb/content/public/jquery-1.11.0.min.js HTTP/1.1" 304 0 "http://210.14.68.73:20193/bsbweb/content/index.html?MAC=caojian2019" "Mozilla/5.0 (Windows NT 6.1; Win64; x64) AppleWebKit/537.36 (KHTML, like Gecko) Chrome/77.0.3865.90 Safari/537.36"
218.242.136.44 - - [30/Sep/2019:10:41:19 +0800] "GET /bsbweb/content/public/keyFn.js HTTP/1.1" 304 0 "http://210.14.68.73:20193/bsbweb/content/index.html?MAC=caojian2019" "Mozilla/5.0 (Windows NT 6.1; Win64; x64) AppleWebKit/537.36 (KHTML, like Gecko) Chrome/77.0.3865.90 Safari/537.36"
218.242.136.44 - - [30/Sep/2019:10:41:19 +0800] "GET /bsbweb/content/pro3/src/ES2015/index.js HTTP/1.1" 304 0 "http://210.14.68.73:20193/bsbweb/content/index.html?MAC=caojian2019" "Mozilla/5.0 (Windows NT 6.1; Win64; x64) AppleWebKit/537.36 (KHTML, like Gecko) Chrome/77.0.3865.90 Safari/537.36"
218.242.136.44 - - [30/Sep/2019:10:41:19 +0800] "GET /api/v1/members/bind/info?mac_addr=0001010100000000000000226D795864 HTTP/1.1" 200 150 "http://210.14.68.73:20193/bsbweb/content/index.html" "Mozilla/5.0 (Linux; Android 4.4.2; R3300-L Build/KOT49H) AppleWebKit/537.36 (KHTML, like Gecko) Chrome/53.0.2785.143 Crosswalk/23.53.589.4 Safari/537.36MAC=0001010100000000000000226D795864"
218.242.136.44 - - [30/Sep/2019:10:41:19 +0800] "GET /api/v1/members/qr/code/0001010100000000000000226D795864?r=0.652309465028454 HTTP/1.1" 200 15668 "http://210.14.68.73:20193/bsbweb/content/index.html" "Mozilla/5.0 (Linux; Android 4.4.2; R3300-L Build/KOT49H) AppleWebKit/537.36 (KHTML, like Gecko) Chrome/53.0.2785.143 Crosswalk/23.53.589.4 Safari/537.36MAC=0001010100000000000000226D795864"
218.242.136.44 - - [30/Sep/2019:10:41:19 +0800] "GET /api/v1/members/bind/info?mac_addr=caojian2019 HTTP/1.1" 200 977 "http://210.14.68.73:20193/bsbweb/content/index.html?MAC=caojian2019" "Mozilla/5.0 (Windows NT 6.1; Win64; x64) AppleWebKit/537.36 (KHTML, like Gecko) Chrome/77.0.3865.90 Safari/537.36"
218.242.136.44 - - [30/Sep/2019:10:41:19 +0800] "GET /api/v1/members/qr/code/caojian2019?r=0.5245272405969827 HTTP/1.1" 200 15001 "http://210.14.68.73:20193/bsbweb/content/index.html?MAC=caojian2019" "Mozilla/5.0 (Windows NT 6.1; Win64; x64) AppleWebKit/537.36 (KHTML, like Gecko) Chrome/77.0.3865.90 Safari/537.36"
192.168.10.55 - - [30/Sep/2019:10:41:19 +0800] "GET /yfyvideo/?bulk=bboxvod20180118090710050.ts|bboxvod20180503141602154.ts|bboxvod20180503141548863.ts|bboxvod20180503141547006.ts|bboxvod20180118090708677.ts|bboxvod20180118090603530.ts|bboxvod20180503141921931.ts|bboxvod20180118091119247.ts|bboxvod20180503141618186.ts|bboxvod20180118091043990.ts HTTP/1.0" 200 2077 "-" "-"
218.242.136.44 - - [30/Sep/2019:10:41:19 +0800] "GET /api/v2/index_show/data/1?mac_addr=caojian2019 HTTP/1.1" 200 12312 "http://210.14.68.73:20193/bsbweb/content/index.html?MAC=caojian2019" "Mozilla/5.0 (Windows NT 6.1; Win64; x64) AppleWebKit/537.36 (KHTML, like Gecko) Chrome/77.0.3865.90 Safari/537.36"
183.213.240.15 - - [30/Sep/2019:10:41:20 +0800] "GET /api/v1/members/bind/info?mac_addr=6cefc62275f HTTP/1.1" 200 150 "http://210.14.68.73:20193/bsbweb/content/index.html" "Mozilla/5.0 (Linux; Android 6.1; MagicBox_M17 Build/LMY47V) AppleWebKit/537.36 (KHTML, like Gecko) Chrome/53.0.2785.143 Crosswalk/23.53.589.4 Safari/537.36MAC=6cefc62275f"
183.213.240.15 - - [30/Sep/2019:10:41:20 +0800] "GET /api/v1/members/qr/code/6cefc62275f?r=0.38958199660734727 HTTP/1.1" 200 14920 "http://210.14.68.73:20193/bsbweb/content/index.html" "Mozilla/5.0 (Linux; Android 6.1; MagicBox_M17 Build/LMY47V) AppleWebKit/537.36 (KHTML, like Gecko) Chrome/53.0.2785.143 Crosswalk/23.53.589.4 Safari/537.36MAC=6cefc62275f"
218.242.136.44 - - [30/Sep/2019:10:41:24 +0800] "GET /api/v1/members/bind/info?mac_addr=0001010100000000000000226D795864 HTTP/1.1" 200 150 "http://210.14.68.73:20193/bsbweb/content/index.html" "Mozilla/5.0 (Linux; Android 4.4.2; R3300-L Build/KOT49H) AppleWebKit/537.36 (KHTML, like Gecko) Chrome/53.0.2785.143 Crosswalk/23.53.589.4 Safari/537.36MAC=0001010100000000000000226D795864"
218.242.136.44 - - [30/Sep/2019:10:41:24 +0800] "GET /api/v1/members/qr/code/0001010100000000000000226D795864?r=0.8882447622606588 HTTP/1.1" 200 15668 "http://210.14.68.73:20193/bsbweb/content/index.html" "Mozilla/5.0 (Linux; Android 4.4.2; R3300-L Build/KOT49H) AppleWebKit/537.36 (KHTML, like Gecko) Chrome/53.0.2785.143 Crosswalk/23.53.589.4 Safari/537.36MAC=0001010100000000000000226D795864"
218.242.136.44 - - [30/Sep/2019:10:41:24 +0800] "GET /api/v1/members/bind/info?mac_addr=caojian2019 HTTP/1.1" 200 977 "http://210.14.68.73:20193/bsbweb/content/index.html?MAC=caojian2019" "Mozilla/5.0 (Windows NT 6.1; Win64; x64) AppleWebKit/537.36 (KHTML, like Gecko) Chrome/77.0.3865.90 Safari/537.36"
218.242.136.44 - - [30/Sep/2019:10:41:24 +0800] "GET /api/v1/members/qr/code/caojian2019?r=0.823559223498632 HTTP/1.1" 200 15001 "http://210.14.68.73:20193/bsbweb/content/index.html?MAC=caojian2019" "Mozilla/5.0 (Windows NT 6.1; Win64; x64) AppleWebKit/537.36 (KHTML, like Gecko) Chrome/77.0.3865.90 Safari/537.36"
183.213.240.15 - - [30/Sep/2019:10:41:25 +0800] "GET /api/v1/members/bind/info?mac_addr=6cefc62275f HTTP/1.1" 200 150 "http://210.14.68.73:20193/bsbweb/content/index.html" "Mozilla/5.0 (Linux; Android 6.1; MagicBox_M17 Build/LMY47V) AppleWebKit/537.36 (KHTML, like Gecko) Chrome/53.0.2785.143 Crosswalk/23.53.589.4 Safari/537.36MAC=6cefc62275f"
183.213.240.15 - - [30/Sep/2019:10:41:25 +0800] "GET /api/v1/members/qr/code/6cefc62275f?r=0.14971817060984427 HTTP/1.1" 200 14920 "http://210.14.68.73:20193/bsbweb/content/index.html" "Mozilla/5.0 (Linux; Android 6.1; MagicBox_M17 Build/LMY47V) AppleWebKit/537.36 (KHTML, like Gecko) Chrome/53.0.2785.143 Crosswalk/23.53.589.4 Safari/537.36MAC=6cefc62275f"
183.213.240.15 - - [30/Sep/2019:10:41:26 +0800] "GET /bsbweb/content/pro2/src/html/courseList.html?indexFlag=0&id=13 HTTP/1.1" 200 429 "http://210.14.68.73:20193/bsbweb/content/index.html" "Mozilla/5.0 (Linux; Android 6.1; MagicBox_M17 Build/LMY47V) AppleWebKit/537.36 (KHTML, like Gecko) Chrome/53.0.2785.143 Crosswalk/23.53.589.4 Safari/537.36MAC=6cefc62275f"
183.213.240.15 - - [30/Sep/2019:10:41:27 +0800] "GET /bsbweb/content/pro2/src/css/courseList.css HTTP/1.1" 200 4416 "http://210.14.68.73:20193/bsbweb/content/pro2/src/html/courseList.html?indexFlag=0&id=13" "Mozilla/5.0 (Linux; Android 6.1; MagicBox_M17 Build/LMY47V) AppleWebKit/537.36 (KHTML, like Gecko) Chrome/53.0.2785.143 Crosswalk/23.53.589.4 Safari/537.36MAC=6cefc62275f"
183.213.240.15 - - [30/Sep/2019:10:41:27 +0800] "GET /bsbweb/content/commonCss/public.css HTTP/1.1" 200 2980 "http://210.14.68.73:20193/bsbweb/content/pro2/src/html/courseList.html?indexFlag=0&id=13" "Mozilla/5.0 (Linux; Android 6.1; MagicBox_M17 Build/LMY47V) AppleWebKit/537.36 (KHTML, like Gecko) Chrome/53.0.2785.143 Crosswalk/23.53.589.4 Safari/537.36MAC=6cefc62275f"
183.213.240.15 - - [30/Sep/2019:10:41:27 +0800] "GET /bsbweb/content/public/ajaxSetup.js HTTP/1.1" 200 4497 "http://210.14.68.73:20193/bsbweb/content/pro2/src/html/courseList.html?indexFlag=0&id=13" "Mozilla/5.0 (Linux; Android 6.1; MagicBox_M17 Build/LMY47V) AppleWebKit/537.36 (KHTML, like Gecko) Chrome/53.0.2785.143 Crosswalk/23.53.589.4 Safari/537.36MAC=6cefc62275f"
183.213.240.15 - - [30/Sep/2019:10:41:27 +0800] "GET /bsbweb/content/pro2/src/ES2015/courseList.js HTTP/1.1" 200 11417 "http://210.14.68.73:20193/bsbweb/content/pro2/src/html/courseList.html?indexFlag=0&id=13" "Mozilla/5.0 (Linux; Android 6.1; MagicBox_M17 Build/LMY47V) AppleWebKit/537.36 (KHTML, like Gecko) Chrome/53.0.2785.143 Crosswalk/23.53.589.4 Safari/537.36MAC=6cefc62275f"
183.213.240.15 - - [30/Sep/2019:10:41:27 +0800] "GET /bsbweb/content/public/jquery-1.11.0.min.js HTTP/1.1" 200 96380 "http://210.14.68.73:20193/bsbweb/content/pro2/src/html/courseList.html?indexFlag=0&id=13" "Mozilla/5.0 (Linux; Android 6.1; MagicBox_M17 Build/LMY47V) AppleWebKit/537.36 (KHTML, like Gecko) Chrome/53.0.2785.143 Crosswalk/23.53.589.4 Safari/537.36MAC=6cefc62275f"
183.213.240.15 - - [30/Sep/2019:10:41:27 +0800] "GET /bsbweb/content/public/CommonMethods-min.js HTTP/1.1" 200 6095 "http://210.14.68.73:20193/bsbweb/content/pro2/src/html/courseList.html?indexFlag=0&id=13" "Mozilla/5.0 (Linux; Android 6.1; MagicBox_M17 Build/LMY47V) AppleWebKit/537.36 (KHTML, like Gecko) Chrome/53.0.2785.143 Crosswalk/23.53.589.4 Safari/537.36MAC=6cefc62275f"
183.213.240.15 - - [30/Sep/2019:10:41:27 +0800] "GET /bsbweb/content/assets/img/mode/bg.png HTTP/1.1" 200 262130 "http://210.14.68.73:20193/bsbweb/content/pro2/src/css/courseList.css" "Mozilla/5.0 (Linux; Android 6.1; MagicBox_M17 Build/LMY47V) AppleWebKit/537.36 (KHTML, like Gecko) Chrome/53.0.2785.143 Crosswalk/23.53.589.4 Safari/537.36MAC=6cefc62275f"
183.213.240.15 - - [30/Sep/2019:10:41:28 +0800] "GET /api/v2/course/subject?mac_addr=6cefc62275f&type=2 HTTP/1.1" 200 2764 "http://210.14.68.73:20193/bsbweb/content/pro2/src/html/courseList.html?indexFlag=0&id=13" "Mozilla/5.0 (Linux; Android 6.1; MagicBox_M17 Build/LMY47V) AppleWebKit/537.36 (KHTML, like Gecko) Chrome/53.0.2785.143 Crosswalk/23.53.589.4 Safari/537.36MAC=6cefc62275f"
183.213.240.15 - - [30/Sep/2019:10:41:28 +0800] "GET /bsbweb/content/assets/projectIcon/englise1.png HTTP/1.1" 200 12078 "http://210.14.68.73:20193/bsbweb/content/pro2/src/html/courseList.html?indexFlag=0&id=13" "Mozilla/5.0 (Linux; Android 6.1; MagicBox_M17 Build/LMY47V) AppleWebKit/537.36 (KHTML, like Gecko) Chrome/53.0.2785.143 Crosswalk/23.53.589.4 Safari/537.36MAC=6cefc62275f"
183.213.240.15 - - [30/Sep/2019:10:41:28 +0800] "GET /bsbweb/content/assets/projectIcon/chinese1.png HTTP/1.1" 200 13741 "http://210.14.68.73:20193/bsbweb/content/pro2/src/html/courseList.html?indexFlag=0&id=13" "Mozilla/5.0 (Linux; Android 6.1; MagicBox_M17 Build/LMY47V) AppleWebKit/537.36 (KHTML, like Gecko) Chrome/53.0.2785.143 Crosswalk/23.53.589.4 Safari/537.36MAC=6cefc62275f"
183.213.240.15 - - [30/Sep/2019:10:41:28 +0800] "GET /bsbweb/content/assets/projectIcon/math1.png HTTP/1.1" 200 6392 "http://210.14.68.73:20193/bsbweb/content/pro2/src/html/courseList.html?indexFlag=0&id=13" "Mozilla/5.0 (Linux; Android 6.1; MagicBox_M17 Build/LMY47V) AppleWebKit/537.36 (KHTML, like Gecko) Chrome/53.0.2785.143 Crosswalk/23.53.589.4 Safari/537.36MAC=6cefc62275f"
183.213.240.15 - - [30/Sep/2019:10:41:28 +0800] "GET /bsbweb/content/assets/projectIcon/math2.png HTTP/1.1" 200 6027 "http://210.14.68.73:20193/bsbweb/content/pro2/src/html/courseList.html?indexFlag=0&id=13" "Mozilla/5.0 (Linux; Android 6.1; MagicBox_M17 Build/LMY47V) AppleWebKit/537.36 (KHTML, like Gecko) Chrome/53.0.2785.143 Crosswalk/23.53.589.4 Safari/537.36MAC=6cefc62275f"
183.213.240.15 - - [30/Sep/2019:10:41:28 +0800] "GET /bsbweb/content/assets/projectIcon/englise2.png HTTP/1.1" 200 9430 "http://210.14.68.73:20193/bsbweb/content/pro2/src/html/courseList.html?indexFlag=0&id=13" "Mozilla/5.0 (Linux; Android 6.1; MagicBox_M17 Build/LMY47V) AppleWebKit/537.36 (KHTML, like Gecko) Chrome/53.0.2785.143 Crosswalk/23.53.589.4 Safari/537.36MAC=6cefc62275f"
183.213.240.15 - - [30/Sep/2019:10:41:28 +0800] "GET /bsbweb/content/assets/projectIcon/chinese2.png HTTP/1.1" 200 4521 "http://210.14.68.73:20193/bsbweb/content/pro2/src/html/courseList.html?indexFlag=0&id=13" "Mozilla/5.0 (Linux; Android 6.1; MagicBox_M17 Build/LMY47V) AppleWebKit/537.36 (KHTML, like Gecko) Chrome/53.0.2785.143 Crosswalk/23.53.589.4 Safari/537.36MAC=6cefc62275f"
183.213.240.15 - - [30/Sep/2019:10:41:28 +0800] "GET /bsbweb/content/assets/projectIcon/math3.png HTTP/1.1" 200 7456 "http://210.14.68.73:20193/bsbweb/content/pro2/src/html/courseList.html?indexFlag=0&id=13" "Mozilla/5.0 (Linux; Android 6.1; MagicBox_M17 Build/LMY47V) AppleWebKit/537.36 (KHTML, like Gecko) Chrome/53.0.2785.143 Crosswalk/23.53.589.4 Safari/537.36MAC=6cefc62275f"
183.213.240.15 - - [30/Sep/2019:10:41:28 +0800] "GET /bsbweb/content/assets/projectIcon/physics1.png HTTP/1.1" 200 5274 "http://210.14.68.73:20193/bsbweb/content/pro2/src/html/courseList.html?indexFlag=0&id=13" "Mozilla/5.0 (Linux; Android 6.1; MagicBox_M17 Build/LMY47V) AppleWebKit/537.36 (KHTML, like Gecko) Chrome/53.0.2785.143 Crosswalk/23.53.589.4 Safari/537.36MAC=6cefc62275f"
183.213.240.15 - - [30/Sep/2019:10:41:28 +0800] "GET /bsbweb/content/assets/projectIcon/chinese3.png HTTP/1.1" 200 6433 "http://210.14.68.73:20193/bsbweb/content/pro2/src/html/courseList.html?indexFlag=0&id=13" "Mozilla/5.0 (Linux; Android 6.1; MagicBox_M17 Build/LMY47V) AppleWebKit/537.36 (KHTML, like Gecko) Chrome/53.0.2785.143 Crosswalk/23.53.589.4 Safari/537.36MAC=6cefc62275f"
183.213.240.15 - - [30/Sep/2019:10:41:28 +0800] "GET /bsbweb/content/assets/projectIcon/englise3.png HTTP/1.1" 200 5766 "http://210.14.68.73:20193/bsbweb/content/pro2/src/html/courseList.html?indexFlag=0&id=13" "Mozilla/5.0 (Linux; Android 6.1; MagicBox_M17 Build/LMY47V) AppleWebKit/537.36 (KHTML, like Gecko) Chrome/53.0.2785.143 Crosswalk/23.53.589.4 Safari/537.36MAC=6cefc62275f"
183.213.240.15 - - [30/Sep/2019:10:41:28 +0800] "GET /bsbweb/content/assets/projectIcon/physics2.png HTTP/1.1" 200 4812 "http://210.14.68.73:20193/bsbweb/content/pro2/src/html/courseList.html?indexFlag=0&id=13" "Mozilla/5.0 (Linux; Android 6.1; MagicBox_M17 Build/LMY47V) AppleWebKit/537.36 (KHTML, like Gecko) Chrome/53.0.2785.143 Crosswalk/23.53.589.4 Safari/537.36MAC=6cefc62275f"
183.213.240.15 - - [30/Sep/2019:10:41:28 +0800] "GET /bsbweb/content/assets/projectIcon/chemistry3.png HTTP/1.1" 200 11103 "http://210.14.68.73:20193/bsbweb/content/pro2/src/html/courseList.html?indexFlag=0&id=13" "Mozilla/5.0 (Linux; Android 6.1; MagicBox_M17 Build/LMY47V) AppleWebKit/537.36 (KHTML, like Gecko) Chrome/53.0.2785.143 Crosswalk/23.53.589.4 Safari/537.36MAC=6cefc62275f"
183.213.240.15 - - [30/Sep/2019:10:41:28 +0800] "GET /bsbweb/content/assets/projectIcon/chemistry1.png HTTP/1.1" 200 4551 "http://210.14.68.73:20193/bsbweb/content/pro2/src/html/courseList.html?indexFlag=0&id=13" "Mozilla/5.0 (Linux; Android 6.1; MagicBox_M17 Build/LMY47V) AppleWebKit/537.36 (KHTML, like Gecko) Chrome/53.0.2785.143 Crosswalk/23.53.589.4 Safari/537.36MAC=6cefc62275f"
183.213.240.15 - - [30/Sep/2019:10:41:28 +0800] "GET /bsbweb/content/assets/img/pic_caozuo.png HTTP/1.1" 200 6779 "http://210.14.68.73:20193/bsbweb/content/pro2/src/css/courseList.css" "Mozilla/5.0 (Linux; Android 6.1; MagicBox_M17 Build/LMY47V) AppleWebKit/537.36 (KHTML, like Gecko) Chrome/53.0.2785.143 Crosswalk/23.53.589.4 Safari/537.36MAC=6cefc62275f"
218.242.136.44 - - [30/Sep/2019:10:41:29 +0800] "GET /bsbweb/content/pro3/src/html/helpVideo.html?id=57&id=NaN HTTP/1.1" 200 519 "http://210.14.68.73:20193/bsbweb/content/index.html?MAC=caojian2019" "Mozilla/5.0 (Windows NT 6.1; Win64; x64) AppleWebKit/537.36 (KHTML, like Gecko) Chrome/77.0.3865.90 Safari/537.36"
218.242.136.44 - - [30/Sep/2019:10:41:29 +0800] "GET /bsbweb/content/pro3/src/css/helpVideo.css HTTP/1.1" 200 768 "http://210.14.68.73:20193/bsbweb/content/pro3/src/html/helpVideo.html?id=57&id=NaN" "Mozilla/5.0 (Windows NT 6.1; Win64; x64) AppleWebKit/537.36 (KHTML, like Gecko) Chrome/77.0.3865.90 Safari/537.36"
218.242.136.44 - - [30/Sep/2019:10:41:29 +0800] "GET /bsbweb/content/pro3/src/ES2015/helpVideo.js HTTP/1.1" 200 3302 "http://210.14.68.73:20193/bsbweb/content/pro3/src/html/helpVideo.html?id=57&id=NaN" "Mozilla/5.0 (Windows NT 6.1; Win64; x64) AppleWebKit/537.36 (KHTML, like Gecko) Chrome/77.0.3865.90 Safari/537.36"
218.242.136.44 - - [30/Sep/2019:10:41:29 +0800] "GET /bsbweb/content/pro3/src/css/common.css HTTP/1.1" 304 0 "http://210.14.68.73:20193/bsbweb/content/pro3/src/html/helpVideo.html?id=57&id=NaN" "Mozilla/5.0 (Windows NT 6.1; Win64; x64) AppleWebKit/537.36 (KHTML, like Gecko) Chrome/77.0.3865.90 Safari/537.36"
218.242.136.44 - - [30/Sep/2019:10:41:29 +0800] "GET /bsbweb/content/public/CommonMethods.js HTTP/1.1" 304 0 "http://210.14.68.73:20193/bsbweb/content/pro3/src/html/helpVideo.html?id=57&id=NaN" "Mozilla/5.0 (Windows NT 6.1; Win64; x64) AppleWebKit/537.36 (KHTML, like Gecko) Chrome/77.0.3865.90 Safari/537.36"
218.242.136.44 - - [30/Sep/2019:10:41:29 +0800] "GET /bsbweb/content/assets/img/mode/bg.png HTTP/1.1" 200 262130 "http://210.14.68.73:20193/bsbweb/content/pro3/src/css/helpVideo.css" "Mozilla/5.0 (Windows NT 6.1; Win64; x64) AppleWebKit/537.36 (KHTML, like Gecko) Chrome/77.0.3865.90 Safari/537.36"
192.168.10.55 - - [30/Sep/2019:10:41:29 +0800] "GET /yfyvideo/?query=http://210.14.68.73:20192/bboxvod20190929000000002.mp4 HTTP/1.0" 200 172 "-" "-"
192.168.10.55 - - [30/Sep/2019:10:41:29 +0800] "GET /yfyvideo/?query=http://210.14.68.73:20192/bboxvod20190929000000003.mp4 HTTP/1.0" 200 172 "-" "-"
192.168.10.55 - - [30/Sep/2019:10:41:29 +0800] "GET /yfyvideo/?query=http://210.14.68.73:20192/bboxvod20190929000000001.mp4 HTTP/1.0" 200 172 "-" "-"
192.168.10.55 - - [30/Sep/2019:10:41:29 +0800] "GET /yfyvideo/?query=http://210.14.68.73:20192/bboxvod20190929000000004.mp4 HTTP/1.0" 200 172 "-" "-"
218.242.136.44 - - [30/Sep/2019:10:41:29 +0800] "GET /api/v2/index_show/data/57?mac_addr=caojian2019&member_id=148&member_info_id=160 HTTP/1.1" 200 2282 "http://210.14.68.73:20193/bsbweb/content/pro3/src/html/helpVideo.html?id=57&id=NaN" "Mozilla/5.0 (Windows NT 6.1; Win64; x64) AppleWebKit/537.36 (KHTML, like Gecko) Chrome/77.0.3865.90 Safari/537.36"
218.242.136.44 - - [30/Sep/2019:10:41:29 +0800] "GET /storage/index_show/img/1_720p_06.png HTTP/1.1" 200 9954 "http://210.14.68.73:20193/bsbweb/content/pro3/src/html/helpVideo.html?id=57&id=NaN" "Mozilla/5.0 (Windows NT 6.1; Win64; x64) AppleWebKit/537.36 (KHTML, like Gecko) Chrome/77.0.3865.90 Safari/537.36"
218.242.136.44 - - [30/Sep/2019:10:41:29 +0800] "GET /storage/index_show/img/1_720p_08.png HTTP/1.1" 200 8143 "http://210.14.68.73:20193/bsbweb/content/pro3/src/html/helpVideo.html?id=57&id=NaN" "Mozilla/5.0 (Windows NT 6.1; Win64; x64) AppleWebKit/537.36 (KHTML, like Gecko) Chrome/77.0.3865.90 Safari/537.36"
